Archive member included to satisfy reference by file (symbol)

c:/st/stm32cubeide_1.4.0/stm32cubeide/plugins/com.st.stm32cube.ide.mcu.externaltools.gnu-tools-for-stm32.9-2020-q2-update.win32_1.5.0.202011040924/tools/bin/../lib/gcc/arm-none-eabi/9.3.1/../../../../arm-none-eabi/lib/thumb/v7e-m+fp/hard\libc_nano.a(lib_a-errno.o)
                              Core/Src/syscalls.o (__errno)
c:/st/stm32cubeide_1.4.0/stm32cubeide/plugins/com.st.stm32cube.ide.mcu.externaltools.gnu-tools-for-stm32.9-2020-q2-update.win32_1.5.0.202011040924/tools/bin/../lib/gcc/arm-none-eabi/9.3.1/../../../../arm-none-eabi/lib/thumb/v7e-m+fp/hard\libc_nano.a(lib_a-exit.o)
                              c:/st/stm32cubeide_1.4.0/stm32cubeide/plugins/com.st.stm32cube.ide.mcu.externaltools.gnu-tools-for-stm32.9-2020-q2-update.win32_1.5.0.202011040924/tools/bin/../lib/gcc/arm-none-eabi/9.3.1/../../../../arm-none-eabi/lib/thumb/v7e-m+fp/hard/crt0.o (exit)
c:/st/stm32cubeide_1.4.0/stm32cubeide/plugins/com.st.stm32cube.ide.mcu.externaltools.gnu-tools-for-stm32.9-2020-q2-update.win32_1.5.0.202011040924/tools/bin/../lib/gcc/arm-none-eabi/9.3.1/../../../../arm-none-eabi/lib/thumb/v7e-m+fp/hard\libc_nano.a(lib_a-impure.o)
                              c:/st/stm32cubeide_1.4.0/stm32cubeide/plugins/com.st.stm32cube.ide.mcu.externaltools.gnu-tools-for-stm32.9-2020-q2-update.win32_1.5.0.202011040924/tools/bin/../lib/gcc/arm-none-eabi/9.3.1/../../../../arm-none-eabi/lib/thumb/v7e-m+fp/hard\libc_nano.a(lib_a-exit.o) (_global_impure_ptr)
c:/st/stm32cubeide_1.4.0/stm32cubeide/plugins/com.st.stm32cube.ide.mcu.externaltools.gnu-tools-for-stm32.9-2020-q2-update.win32_1.5.0.202011040924/tools/bin/../lib/gcc/arm-none-eabi/9.3.1/../../../../arm-none-eabi/lib/thumb/v7e-m+fp/hard\libc_nano.a(lib_a-init.o)
                              c:/st/stm32cubeide_1.4.0/stm32cubeide/plugins/com.st.stm32cube.ide.mcu.externaltools.gnu-tools-for-stm32.9-2020-q2-update.win32_1.5.0.202011040924/tools/bin/../lib/gcc/arm-none-eabi/9.3.1/../../../../arm-none-eabi/lib/thumb/v7e-m+fp/hard/crt0.o (__libc_init_array)
c:/st/stm32cubeide_1.4.0/stm32cubeide/plugins/com.st.stm32cube.ide.mcu.externaltools.gnu-tools-for-stm32.9-2020-q2-update.win32_1.5.0.202011040924/tools/bin/../lib/gcc/arm-none-eabi/9.3.1/../../../../arm-none-eabi/lib/thumb/v7e-m+fp/hard\libc_nano.a(lib_a-memset.o)
                              c:/st/stm32cubeide_1.4.0/stm32cubeide/plugins/com.st.stm32cube.ide.mcu.externaltools.gnu-tools-for-stm32.9-2020-q2-update.win32_1.5.0.202011040924/tools/bin/../lib/gcc/arm-none-eabi/9.3.1/../../../../arm-none-eabi/lib/thumb/v7e-m+fp/hard/crt0.o (memset)
c:/st/stm32cubeide_1.4.0/stm32cubeide/plugins/com.st.stm32cube.ide.mcu.externaltools.gnu-tools-for-stm32.9-2020-q2-update.win32_1.5.0.202011040924/tools/bin/../lib/gcc/arm-none-eabi/9.3.1/thumb/v7e-m+fp/hard\libgcc.a(_aeabi_uldivmod.o)
                              Drivers/STM32L4xx_HAL_Driver/Src/stm32l4xx_hal_uart.o (__aeabi_uldivmod)
c:/st/stm32cubeide_1.4.0/stm32cubeide/plugins/com.st.stm32cube.ide.mcu.externaltools.gnu-tools-for-stm32.9-2020-q2-update.win32_1.5.0.202011040924/tools/bin/../lib/gcc/arm-none-eabi/9.3.1/thumb/v7e-m+fp/hard\libgcc.a(_udivmoddi4.o)
                              c:/st/stm32cubeide_1.4.0/stm32cubeide/plugins/com.st.stm32cube.ide.mcu.externaltools.gnu-tools-for-stm32.9-2020-q2-update.win32_1.5.0.202011040924/tools/bin/../lib/gcc/arm-none-eabi/9.3.1/thumb/v7e-m+fp/hard\libgcc.a(_aeabi_uldivmod.o) (__udivmoddi4)
c:/st/stm32cubeide_1.4.0/stm32cubeide/plugins/com.st.stm32cube.ide.mcu.externaltools.gnu-tools-for-stm32.9-2020-q2-update.win32_1.5.0.202011040924/tools/bin/../lib/gcc/arm-none-eabi/9.3.1/thumb/v7e-m+fp/hard\libgcc.a(_dvmd_tls.o)
                              c:/st/stm32cubeide_1.4.0/stm32cubeide/plugins/com.st.stm32cube.ide.mcu.externaltools.gnu-tools-for-stm32.9-2020-q2-update.win32_1.5.0.202011040924/tools/bin/../lib/gcc/arm-none-eabi/9.3.1/thumb/v7e-m+fp/hard\libgcc.a(_aeabi_uldivmod.o) (__aeabi_ldiv0)

Allocating common symbols
Common symbol       size              file

hspi2               0x64              Core/Src/spi.o
adw                 0x4               Core/Src/tstmain.o
uwTick              0x4               Drivers/STM32L4xx_HAL_Driver/Src/stm32l4xx_hal.o
htim3               0x4c              Core/Src/tim.o
huart5              0x84              Core/Src/usart.o
hadc1               0x64              Core/Src/adc.o
hrtc                0x24              Core/Src/rtc.o
data                0x3               Core/Src/sensfuncs.o
htim1               0x4c              Core/Src/stm32l4xx_hal_timebase_tim.o

Discarded input sections

 .text          0x0000000000000000        0x0 c:/st/stm32cubeide_1.4.0/stm32cubeide/plugins/com.st.stm32cube.ide.mcu.externaltools.gnu-tools-for-stm32.9-2020-q2-update.win32_1.5.0.202011040924/tools/bin/../lib/gcc/arm-none-eabi/9.3.1/thumb/v7e-m+fp/hard/crti.o
[...]
Memory Configuration

Name             Origin             Length             Attributes
RAM              0x0000000020000000 0x0000000000018000 xrw
RAM2             0x0000000010000000 0x0000000000008000 xrw
FLASH            0x0000000008000000 0x0000000000100000 xr
*default*        0x0000000000000000 0xffffffffffffffff

Linker script and memory map

LOAD c:/st/stm32cubeide_1.4.0/stm32cubeide/plugins/com.st.stm32cube.ide.mcu.externaltools.gnu-tools-for-stm32.9-2020-q2-update.win32_1.5.0.202011040924/tools/bin/../lib/gcc/arm-none-eabi/9.3.1/thumb/v7e-m+fp/hard/crti.o
LOAD c:/st/stm32cubeide_1.4.0/stm32cubeide/plugins/com.st.stm32cube.ide.mcu.externaltools.gnu-tools-for-stm32.9-2020-q2-update.win32_1.5.0.202011040924/tools/bin/../lib/gcc/arm-none-eabi/9.3.1/thumb/v7e-m+fp/hard/crtbegin.o
LOAD c:/st/stm32cubeide_1.4.0/stm32cubeide/plugins/com.st.stm32cube.ide.mcu.externaltools.gnu-tools-for-stm32.9-2020-q2-update.win32_1.5.0.202011040924/tools/bin/../lib/gcc/arm-none-eabi/9.3.1/../../../../arm-none-eabi/lib/thumb/v7e-m+fp/hard/crt0.o
LOAD Core/Src/adc.o
LOAD Core/Src/gpio.o
LOAD Core/Src/rtc.o
LOAD Core/Src/sensfuncs.o
LOAD Core/Src/spi.o
LOAD Core/Src/stm32l4xx_hal_msp.o
LOAD Core/Src/stm32l4xx_hal_timebase_tim.o
LOAD Core/Src/stm32l4xx_it.o
LOAD Core/Src/syscalls.o
LOAD Core/Src/sysmem.o
LOAD Core/Src/system_stm32l4xx.o
LOAD Core/Src/tim.o
LOAD Core/Src/tstmain.o
LOAD Core/Src/usart.o
LOAD Core/Startup/startup_stm32l476rgtx.o
LOAD Drivers/STM32L4xx_HAL_Driver/Src/stm32l4xx_hal.o
LOAD Drivers/STM32L4xx_HAL_Driver/Src/stm32l4xx_hal_adc.o
LOAD Drivers/STM32L4xx_HAL_Driver/Src/stm32l4xx_hal_adc_ex.o
LOAD Drivers/STM32L4xx_HAL_Driver/Src/stm32l4xx_hal_cortex.o
LOAD Drivers/STM32L4xx_HAL_Driver/Src/stm32l4xx_hal_dma.o
LOAD Drivers/STM32L4xx_HAL_Driver/Src/stm32l4xx_hal_dma_ex.o
LOAD Drivers/STM32L4xx_HAL_Driver/Src/stm32l4xx_hal_exti.o
LOAD Drivers/STM32L4xx_HAL_Driver/Src/stm32l4xx_hal_flash.o
LOAD Drivers/STM32L4xx_HAL_Driver/Src/stm32l4xx_hal_flash_ex.o
LOAD Drivers/STM32L4xx_HAL_Driver/Src/stm32l4xx_hal_flash_ramfunc.o
LOAD Drivers/STM32L4xx_HAL_Driver/Src/stm32l4xx_hal_gpio.o
LOAD Drivers/STM32L4xx_HAL_Driver/Src/stm32l4xx_hal_i2c.o
LOAD Drivers/STM32L4xx_HAL_Driver/Src/stm32l4xx_hal_i2c_ex.o
LOAD Drivers/STM32L4xx_HAL_Driver/Src/stm32l4xx_hal_pwr.o
LOAD Drivers/STM32L4xx_HAL_Driver/Src/stm32l4xx_hal_pwr_ex.o
LOAD Drivers/STM32L4xx_HAL_Driver/Src/stm32l4xx_hal_rcc.o
LOAD Drivers/STM32L4xx_HAL_Driver/Src/stm32l4xx_hal_rcc_ex.o
LOAD Drivers/STM32L4xx_HAL_Driver/Src/stm32l4xx_hal_rtc.o
LOAD Drivers/STM32L4xx_HAL_Driver/Src/stm32l4xx_hal_rtc_ex.o
LOAD Drivers/STM32L4xx_HAL_Driver/Src/stm32l4xx_hal_spi.o
LOAD Drivers/STM32L4xx_HAL_Driver/Src/stm32l4xx_hal_spi_ex.o
LOAD Drivers/STM32L4xx_HAL_Driver/Src/stm32l4xx_hal_tim.o
LOAD Drivers/STM32L4xx_HAL_Driver/Src/stm32l4xx_hal_tim_ex.o
LOAD Drivers/STM32L4xx_HAL_Driver/Src/stm32l4xx_hal_uart.o
LOAD Drivers/STM32L4xx_HAL_Driver/Src/stm32l4xx_hal_uart_ex.o
START GROUP
LOAD c:/st/stm32cubeide_1.4.0/stm32cubeide/plugins/com.st.stm32cube.ide.mcu.externaltools.gnu-tools-for-stm32.9-2020-q2-update.win32_1.5.0.202011040924/tools/bin/../lib/gcc/arm-none-eabi/9.3.1/../../../../arm-none-eabi/lib/thumb/v7e-m+fp/hard\libc_nano.a
LOAD c:/st/stm32cubeide_1.4.0/stm32cubeide/plugins/com.st.stm32cube.ide.mcu.externaltools.gnu-tools-for-stm32.9-2020-q2-update.win32_1.5.0.202011040924/tools/bin/../lib/gcc/arm-none-eabi/9.3.1/../../../../arm-none-eabi/lib/thumb/v7e-m+fp/hard\libm.a
END GROUP
START GROUP
LOAD c:/st/stm32cubeide_1.4.0/stm32cubeide/plugins/com.st.stm32cube.ide.mcu.externaltools.gnu-tools-for-stm32.9-2020-q2-update.win32_1.5.0.202011040924/tools/bin/../lib/gcc/arm-none-eabi/9.3.1/thumb/v7e-m+fp/hard\libgcc.a
LOAD c:/st/stm32cubeide_1.4.0/stm32cubeide/plugins/com.st.stm32cube.ide.mcu.externaltools.gnu-tools-for-stm32.9-2020-q2-update.win32_1.5.0.202011040924/tools/bin/../lib/gcc/arm-none-eabi/9.3.1/../../../../arm-none-eabi/lib/thumb/v7e-m+fp/hard\libc_nano.a
END GROUP
START GROUP
LOAD c:/st/stm32cubeide_1.4.0/stm32cubeide/plugins/com.st.stm32cube.ide.mcu.externaltools.gnu-tools-for-stm32.9-2020-q2-update.win32_1.5.0.202011040924/tools/bin/../lib/gcc/arm-none-eabi/9.3.1/thumb/v7e-m+fp/hard\libgcc.a
LOAD c:/st/stm32cubeide_1.4.0/stm32cubeide/plugins/com.st.stm32cube.ide.mcu.externaltools.gnu-tools-for-stm32.9-2020-q2-update.win32_1.5.0.202011040924/tools/bin/../lib/gcc/arm-none-eabi/9.3.1/../../../../arm-none-eabi/lib/thumb/v7e-m+fp/hard\libc_nano.a
LOAD c:/st/stm32cubeide_1.4.0/stm32cubeide/plugins/com.st.stm32cube.ide.mcu.externaltools.gnu-tools-for-stm32.9-2020-q2-update.win32_1.5.0.202011040924/tools/bin/../lib/gcc/arm-none-eabi/9.3.1/../../../../arm-none-eabi/lib/thumb/v7e-m+fp/hard\libnosys.a
END GROUP
START GROUP
LOAD c:/st/stm32cubeide_1.4.0/stm32cubeide/plugins/com.st.stm32cube.ide.mcu.externaltools.gnu-tools-for-stm32.9-2020-q2-update.win32_1.5.0.202011040924/tools/bin/../lib/gcc/arm-none-eabi/9.3.1/thumb/v7e-m+fp/hard\libgcc.a
LOAD c:/st/stm32cubeide_1.4.0/stm32cubeide/plugins/com.st.stm32cube.ide.mcu.externaltools.gnu-tools-for-stm32.9-2020-q2-update.win32_1.5.0.202011040924/tools/bin/../lib/gcc/arm-none-eabi/9.3.1/../../../../arm-none-eabi/lib/thumb/v7e-m+fp/hard\libc_nano.a
LOAD c:/st/stm32cubeide_1.4.0/stm32cubeide/plugins/com.st.stm32cube.ide.mcu.externaltools.gnu-tools-for-stm32.9-2020-q2-update.win32_1.5.0.202011040924/tools/bin/../lib/gcc/arm-none-eabi/9.3.1/../../../../arm-none-eabi/lib/thumb/v7e-m+fp/hard\libnosys.a
END GROUP
LOAD c:/st/stm32cubeide_1.4.0/stm32cubeide/plugins/com.st.stm32cube.ide.mcu.externaltools.gnu-tools-for-stm32.9-2020-q2-update.win32_1.5.0.202011040924/tools/bin/../lib/gcc/arm-none-eabi/9.3.1/thumb/v7e-m+fp/hard/crtend.o
LOAD c:/st/stm32cubeide_1.4.0/stm32cubeide/plugins/com.st.stm32cube.ide.mcu.externaltools.gnu-tools-for-stm32.9-2020-q2-update.win32_1.5.0.202011040924/tools/bin/../lib/gcc/arm-none-eabi/9.3.1/thumb/v7e-m+fp/hard/crtn.o
                0x0000000020018000                _estack = (ORIGIN (RAM) + LENGTH (RAM))
                0x0000000000000200                _Min_Heap_Size = 0x200
                0x0000000000000400                _Min_Stack_Size = 0x400

.isr_vector     0x0000000008000000      0x188
                0x0000000008000000                . = ALIGN (0x4)
 *(.isr_vector)
 .isr_vector    0x0000000008000000      0x188 Core/Startup/startup_stm32l476rgtx.o
                0x0000000008000000                g_pfnVectors
                0x0000000008000188                . = ALIGN (0x4)

.text           0x0000000008000188     0x64e8
                0x0000000008000188                . = ALIGN (0x4)
 *(.text)
 .text          0x0000000008000188       0x40 c:/st/stm32cubeide_1.4.0/stm32cubeide/plugins/com.st.stm32cube.ide.mcu.externaltools.gnu-tools-for-stm32.9-2020-q2-update.win32_1.5.0.202011040924/tools/bin/../lib/gcc/arm-none-eabi/9.3.1/thumb/v7e-m+fp/hard/crtbegin.o
 .text          0x00000000080001c8       0x30 c:/st/stm32cubeide_1.4.0/stm32cubeide/plugins/com.st.stm32cube.ide.mcu.externaltools.gnu-tools-for-stm32.9-2020-q2-update.win32_1.5.0.202011040924/tools/bin/../lib/gcc/arm-none-eabi/9.3.1/thumb/v7e-m+fp/hard\libgcc.a(_aeabi_uldivmod.o)
                0x00000000080001c8                __aeabi_uldivmod
 .text          0x00000000080001f8      0x2c4 c:/st/stm32cubeide_1.4.0/stm32cubeide/plugins/com.st.stm32cube.ide.mcu.externaltools.gnu-tools-for-stm32.9-2020-q2-update.win32_1.5.0.202011040924/tools/bin/../lib/gcc/arm-none-eabi/9.3.1/thumb/v7e-m+fp/hard\libgcc.a(_udivmoddi4.o)
                0x00000000080001f8                __udivmoddi4
 .text          0x00000000080004bc        0x4 c:/st/stm32cubeide_1.4.0/stm32cubeide/plugins/com.st.stm32cube.ide.mcu.externaltools.gnu-tools-for-stm32.9-2020-q2-update.win32_1.5.0.202011040924/tools/bin/../lib/gcc/arm-none-eabi/9.3.1/thumb/v7e-m+fp/hard\libgcc.a(_dvmd_tls.o)
                0x00000000080004bc                __aeabi_idiv0
                0x00000000080004bc                __aeabi_ldiv0
 *(.text*)
 .text.MX_ADC1_Init
                0x00000000080004c0       0xf0 Core/Src/adc.o
                0x00000000080004c0                MX_ADC1_Init
 .text.HAL_ADC_MspInit
                0x00000000080005b0       0x80 Core/Src/adc.o
                0x00000000080005b0                HAL_ADC_MspInit
 .text.MX_GPIO_Init
                0x0000000008000630      0x128 Core/Src/gpio.o
                0x0000000008000630                MX_GPIO_Init
 .text.MX_RTC_Init
                0x0000000008000758       0x50 Core/Src/rtc.o
                0x0000000008000758                MX_RTC_Init
 .text.HAL_RTC_MspInit
                0x00000000080007a8       0x38 Core/Src/rtc.o
                0x00000000080007a8                HAL_RTC_MspInit
 .text.screentrans
                0x00000000080007e0       0x70 Core/Src/sensfuncs.o
                0x00000000080007e0                screentrans
 .text.screenclear
                0x0000000008000850       0x10 Core/Src/sensfuncs.o
                0x0000000008000850                screenclear
 .text.screeninit
                0x0000000008000860       0x68 Core/Src/sensfuncs.o
                0x0000000008000860                screeninit
 .text.screenupdate
                0x00000000080008c8       0x88 Core/Src/sensfuncs.o
                0x00000000080008c8                screenupdate
 .text.screenshift
                0x0000000008000950       0x16 Core/Src/sensfuncs.o
                0x0000000008000950                screenshift
 *fill*         0x0000000008000966        0x2 
 .text.pwmod    0x0000000008000968       0x24 Core/Src/sensfuncs.o
                0x0000000008000968                pwmod
 .text.MX_SPI2_Init
                0x000000000800098c       0x7c Core/Src/spi.o
                0x000000000800098c                MX_SPI2_Init
 .text.HAL_SPI_MspInit
                0x0000000008000a08       0xc4 Core/Src/spi.o
                0x0000000008000a08                HAL_SPI_MspInit
 .text.HAL_MspInit
                0x0000000008000acc       0x48 Core/Src/stm32l4xx_hal_msp.o
                0x0000000008000acc                HAL_MspInit
 .text.HAL_InitTick
                0x0000000008000b14       0xac Core/Src/stm32l4xx_hal_timebase_tim.o
                0x0000000008000b14                HAL_InitTick
 .text.NMI_Handler
                0x0000000008000bc0        0xe Core/Src/stm32l4xx_it.o
                0x0000000008000bc0                NMI_Handler
 .text.HardFault_Handler
                0x0000000008000bce        0x6 Core/Src/stm32l4xx_it.o
                0x0000000008000bce                HardFault_Handler
 .text.MemManage_Handler
                0x0000000008000bd4        0x6 Core/Src/stm32l4xx_it.o
                0x0000000008000bd4                MemManage_Handler
 .text.BusFault_Handler
                0x0000000008000bda        0x6 Core/Src/stm32l4xx_it.o
                0x0000000008000bda                BusFault_Handler
 .text.UsageFault_Handler
                0x0000000008000be0        0x6 Core/Src/stm32l4xx_it.o
                0x0000000008000be0                UsageFault_Handler
 .text.SVC_Handler
                0x0000000008000be6        0xe Core/Src/stm32l4xx_it.o
                0x0000000008000be6                SVC_Handler
 .text.DebugMon_Handler
                0x0000000008000bf4        0xe Core/Src/stm32l4xx_it.o
                0x0000000008000bf4                DebugMon_Handler
 .text.PendSV_Handler
                0x0000000008000c02        0xe Core/Src/stm32l4xx_it.o
                0x0000000008000c02                PendSV_Handler
 .text.SysTick_Handler
                0x0000000008000c10        0xe Core/Src/stm32l4xx_it.o
                0x0000000008000c10                SysTick_Handler
 *fill*         0x0000000008000c1e        0x2 
 .text.TIM1_UP_TIM16_IRQHandler
                0x0000000008000c20       0x14 Core/Src/stm32l4xx_it.o
                0x0000000008000c20                TIM1_UP_TIM16_IRQHandler
 .text.SystemInit
                0x0000000008000c34       0x6c Core/Src/system_stm32l4xx.o
                0x0000000008000c34                SystemInit
 .text.MX_TIM3_Init
                0x0000000008000ca0       0xec Core/Src/tim.o
                0x0000000008000ca0                MX_TIM3_Init
 .text.HAL_TIM_Base_MspInit
                0x0000000008000d8c       0x40 Core/Src/tim.o
                0x0000000008000d8c                HAL_TIM_Base_MspInit
 .text.HAL_TIM_MspPostInit
                0x0000000008000dcc       0x70 Core/Src/tim.o
                0x0000000008000dcc                HAL_TIM_MspPostInit
 .text.main     0x0000000008000e3c       0x9c Core/Src/tstmain.o
                0x0000000008000e3c                main
 .text.SystemClock_Config
                0x0000000008000ed8      0x120 Core/Src/tstmain.o
                0x0000000008000ed8                SystemClock_Config
 .text.HAL_TIM_PeriodElapsedCallback
                0x0000000008000ff8       0x24 Core/Src/tstmain.o
                0x0000000008000ff8                HAL_TIM_PeriodElapsedCallback
 .text.Error_Handler
                0x000000000800101c        0xe Core/Src/tstmain.o
                0x000000000800101c                Error_Handler
 *fill*         0x000000000800102a        0x2 
 .text.MX_UART5_Init
                0x000000000800102c       0x60 Core/Src/usart.o
                0x000000000800102c                MX_UART5_Init
 .text.HAL_UART_MspInit
                0x000000000800108c       0xc4 Core/Src/usart.o
                0x000000000800108c                HAL_UART_MspInit
 .text.Reset_Handler
                0x0000000008001150       0x50 Core/Startup/startup_stm32l476rgtx.o
                0x0000000008001150                Reset_Handler
 .text.Default_Handler
                0x00000000080011a0        0x2 Core/Startup/startup_stm32l476rgtx.o
                0x00000000080011a0                RTC_Alarm_IRQHandler
                0x00000000080011a0                EXTI2_IRQHandler
                0x00000000080011a0                TIM8_TRG_COM_IRQHandler
                0x00000000080011a0                TIM8_CC_IRQHandler
                0x00000000080011a0                TIM1_CC_IRQHandler
                0x00000000080011a0                TSC_IRQHandler
                0x00000000080011a0                TAMP_STAMP_IRQHandler
                0x00000000080011a0                EXTI3_IRQHandler
                0x00000000080011a0                LPTIM2_IRQHandler
                0x00000000080011a0                DFSDM1_FLT1_IRQHandler
                0x00000000080011a0                I2C3_ER_IRQHandler
                0x00000000080011a0                DFSDM1_FLT2_IRQHandler
                0x00000000080011a0                EXTI0_IRQHandler
                0x00000000080011a0                I2C2_EV_IRQHandler
                0x00000000080011a0                CAN1_RX0_IRQHandler
                0x00000000080011a0                FPU_IRQHandler
                0x00000000080011a0                ADC1_2_IRQHandler
                0x00000000080011a0                SPI1_IRQHandler
                0x00000000080011a0                TIM6_DAC_IRQHandler
                0x00000000080011a0                TIM8_UP_IRQHandler
                0x00000000080011a0                DMA2_Channel2_IRQHandler
                0x00000000080011a0                DMA1_Channel4_IRQHandler
                0x00000000080011a0                SAI2_IRQHandler
                0x00000000080011a0                DFSDM1_FLT3_IRQHandler
                0x00000000080011a0                USART3_IRQHandler
                0x00000000080011a0                DMA1_Channel7_IRQHandler
                0x00000000080011a0                CAN1_RX1_IRQHandler
                0x00000000080011a0                LCD_IRQHandler
                0x00000000080011a0                UART5_IRQHandler
                0x00000000080011a0                ADC3_IRQHandler
                0x00000000080011a0                TIM4_IRQHandler
                0x00000000080011a0                DMA2_Channel1_IRQHandler
                0x00000000080011a0                QUADSPI_IRQHandler
                0x00000000080011a0                I2C1_EV_IRQHandler
                0x00000000080011a0                DMA1_Channel6_IRQHandler
                0x00000000080011a0                UART4_IRQHandler
                0x00000000080011a0                DMA2_Channel4_IRQHandler
                0x00000000080011a0                TIM3_IRQHandler
                0x00000000080011a0                RCC_IRQHandler
                0x00000000080011a0                DMA1_Channel1_IRQHandler
                0x00000000080011a0                Default_Handler
                0x00000000080011a0                DMA2_Channel7_IRQHandler
                0x00000000080011a0                EXTI15_10_IRQHandler
                0x00000000080011a0                TIM7_IRQHandler
                0x00000000080011a0                SDMMC1_IRQHandler
                0x00000000080011a0                TIM5_IRQHandler
                0x00000000080011a0                I2C3_EV_IRQHandler
                0x00000000080011a0                EXTI9_5_IRQHandler
                0x00000000080011a0                RTC_WKUP_IRQHandler
                0x00000000080011a0                PVD_PVM_IRQHandler
                0x00000000080011a0                SPI2_IRQHandler
                0x00000000080011a0                CAN1_TX_IRQHandler
                0x00000000080011a0                DMA2_Channel5_IRQHandler
                0x00000000080011a0                DMA1_Channel5_IRQHandler
                0x00000000080011a0                EXTI4_IRQHandler
                0x00000000080011a0                RNG_IRQHandler
                0x00000000080011a0                TIM1_TRG_COM_TIM17_IRQHandler
                0x00000000080011a0                DMA1_Channel3_IRQHandler
                0x00000000080011a0                COMP_IRQHandler
                0x00000000080011a0                WWDG_IRQHandler
                0x00000000080011a0                LPUART1_IRQHandler
                0x00000000080011a0                DMA2_Channel6_IRQHandler
                0x00000000080011a0                TIM2_IRQHandler
                0x00000000080011a0                EXTI1_IRQHandler
                0x00000000080011a0                USART2_IRQHandler
                0x00000000080011a0                DFSDM1_FLT0_IRQHandler
                0x00000000080011a0                I2C2_ER_IRQHandler
                0x00000000080011a0                DMA1_Channel2_IRQHandler
                0x00000000080011a0                TIM8_BRK_IRQHandler
                0x00000000080011a0                CAN1_SCE_IRQHandler
                0x00000000080011a0                FLASH_IRQHandler
                0x00000000080011a0                USART1_IRQHandler
                0x00000000080011a0                OTG_FS_IRQHandler
                0x00000000080011a0                SPI3_IRQHandler
                0x00000000080011a0                I2C1_ER_IRQHandler
                0x00000000080011a0                FMC_IRQHandler
                0x00000000080011a0                SWPMI1_IRQHandler
                0x00000000080011a0                LPTIM1_IRQHandler
                0x00000000080011a0                SAI1_IRQHandler
                0x00000000080011a0                DMA2_Channel3_IRQHandler
                0x00000000080011a0                TIM1_BRK_TIM15_IRQHandler
 .text.HAL_Init
                0x00000000080011a2       0x30 Drivers/STM32L4xx_HAL_Driver/Src/stm32l4xx_hal.o
                0x00000000080011a2                HAL_Init
 *fill*         0x00000000080011d2        0x2 
 .text.HAL_IncTick
                0x00000000080011d4       0x28 Drivers/STM32L4xx_HAL_Driver/Src/stm32l4xx_hal.o
                0x00000000080011d4                HAL_IncTick
 .text.HAL_GetTick
                0x00000000080011fc       0x18 Drivers/STM32L4xx_HAL_Driver/Src/stm32l4xx_hal.o
                0x00000000080011fc                HAL_GetTick
 .text.HAL_Delay
                0x0000000008001214       0x48 Drivers/STM32L4xx_HAL_Driver/Src/stm32l4xx_hal.o
                0x0000000008001214                HAL_Delay
 .text.LL_ADC_SetCommonClock
                0x000000000800125c       0x26 Drivers/STM32L4xx_HAL_Driver/Src/stm32l4xx_hal_adc.o
 .text.LL_ADC_SetCommonPathInternalCh
                0x0000000008001282       0x26 Drivers/STM32L4xx_HAL_Driver/Src/stm32l4xx_hal_adc.o
 .text.LL_ADC_GetCommonPathInternalCh
                0x00000000080012a8       0x1c Drivers/STM32L4xx_HAL_Driver/Src/stm32l4xx_hal_adc.o
 .text.LL_ADC_SetOffset
                0x00000000080012c4       0x48 Drivers/STM32L4xx_HAL_Driver/Src/stm32l4xx_hal_adc.o
 .text.LL_ADC_GetOffsetChannel
                0x000000000800130c       0x2c Drivers/STM32L4xx_HAL_Driver/Src/stm32l4xx_hal_adc.o
 .text.LL_ADC_SetOffsetState
                0x0000000008001338       0x36 Drivers/STM32L4xx_HAL_Driver/Src/stm32l4xx_hal_adc.o
 .text.LL_ADC_REG_SetSequencerRanks
                0x000000000800136e       0x58 Drivers/STM32L4xx_HAL_Driver/Src/stm32l4xx_hal_adc.o
 .text.LL_ADC_SetChannelSamplingTime
                0x00000000080013c6       0x56 Drivers/STM32L4xx_HAL_Driver/Src/stm32l4xx_hal_adc.o
 .text.LL_ADC_SetChannelSingleDiff
                0x000000000800141c       0x48 Drivers/STM32L4xx_HAL_Driver/Src/stm32l4xx_hal_adc.o
 .text.LL_ADC_GetMultimode
                0x0000000008001464       0x1c Drivers/STM32L4xx_HAL_Driver/Src/stm32l4xx_hal_adc.o
 .text.LL_ADC_DisableDeepPowerDown
                0x0000000008001480       0x24 Drivers/STM32L4xx_HAL_Driver/Src/stm32l4xx_hal_adc.o
 .text.LL_ADC_IsDeepPowerDownEnabled
                0x00000000080014a4       0x28 Drivers/STM32L4xx_HAL_Driver/Src/stm32l4xx_hal_adc.o
 .text.LL_ADC_EnableInternalRegulator
                0x00000000080014cc       0x28 Drivers/STM32L4xx_HAL_Driver/Src/stm32l4xx_hal_adc.o
 .text.LL_ADC_IsInternalRegulatorEnabled
                0x00000000080014f4       0x28 Drivers/STM32L4xx_HAL_Driver/Src/stm32l4xx_hal_adc.o
 .text.LL_ADC_Enable
                0x000000000800151c       0x28 Drivers/STM32L4xx_HAL_Driver/Src/stm32l4xx_hal_adc.o
 .text.LL_ADC_IsEnabled
                0x0000000008001544       0x26 Drivers/STM32L4xx_HAL_Driver/Src/stm32l4xx_hal_adc.o
 .text.LL_ADC_REG_StartConversion
                0x000000000800156a       0x28 Drivers/STM32L4xx_HAL_Driver/Src/stm32l4xx_hal_adc.o
 .text.LL_ADC_REG_IsConversionOngoing
                0x0000000008001592       0x26 Drivers/STM32L4xx_HAL_Driver/Src/stm32l4xx_hal_adc.o
 .text.LL_ADC_INJ_IsConversionOngoing
                0x00000000080015b8       0x26 Drivers/STM32L4xx_HAL_Driver/Src/stm32l4xx_hal_adc.o
 *fill*         0x00000000080015de        0x2 
 .text.HAL_ADC_Init
                0x00000000080015e0      0x2ac Drivers/STM32L4xx_HAL_Driver/Src/stm32l4xx_hal_adc.o
                0x00000000080015e0                HAL_ADC_Init
 .text.HAL_ADC_Start
                0x000000000800188c      0x174 Drivers/STM32L4xx_HAL_Driver/Src/stm32l4xx_hal_adc.o
                0x000000000800188c                HAL_ADC_Start
 .text.HAL_ADC_GetValue
                0x0000000008001a00       0x1a Drivers/STM32L4xx_HAL_Driver/Src/stm32l4xx_hal_adc.o
                0x0000000008001a00                HAL_ADC_GetValue
 *fill*         0x0000000008001a1a        0x2 
 .text.HAL_ADC_ConfigChannel
                0x0000000008001a1c      0x7e0 Drivers/STM32L4xx_HAL_Driver/Src/stm32l4xx_hal_adc.o
                0x0000000008001a1c                HAL_ADC_ConfigChannel
 .text.ADC_Enable
                0x00000000080021fc       0xc4 Drivers/STM32L4xx_HAL_Driver/Src/stm32l4xx_hal_adc.o
                0x00000000080021fc                ADC_Enable
 .text.LL_ADC_IsEnabled
                0x00000000080022c0       0x26 Drivers/STM32L4xx_HAL_Driver/Src/stm32l4xx_hal_adc_ex.o
 .text.LL_ADC_REG_IsConversionOngoing
                0x00000000080022e6       0x26 Drivers/STM32L4xx_HAL_Driver/Src/stm32l4xx_hal_adc_ex.o
 .text.HAL_ADCEx_MultiModeConfigChannel
                0x000000000800230c      0x160 Drivers/STM32L4xx_HAL_Driver/Src/stm32l4xx_hal_adc_ex.o
                0x000000000800230c                HAL_ADCEx_MultiModeConfigChannel
 .text.__NVIC_SetPriorityGrouping
                0x000000000800246c       0x48 Drivers/STM32L4xx_HAL_Driver/Src/stm32l4xx_hal_cortex.o
 .text.__NVIC_GetPriorityGrouping
                0x00000000080024b4       0x1c Drivers/STM32L4xx_HAL_Driver/Src/stm32l4xx_hal_cortex.o
 .text.__NVIC_EnableIRQ
                0x00000000080024d0       0x3c Drivers/STM32L4xx_HAL_Driver/Src/stm32l4xx_hal_cortex.o
 .text.__NVIC_SetPriority
                0x000000000800250c       0x54 Drivers/STM32L4xx_HAL_Driver/Src/stm32l4xx_hal_cortex.o
 .text.NVIC_EncodePriority
                0x0000000008002560       0x66 Drivers/STM32L4xx_HAL_Driver/Src/stm32l4xx_hal_cortex.o
 .text.HAL_NVIC_SetPriorityGrouping
                0x00000000080025c6       0x16 Drivers/STM32L4xx_HAL_Driver/Src/stm32l4xx_hal_cortex.o
                0x00000000080025c6                HAL_NVIC_SetPriorityGrouping
 .text.HAL_NVIC_SetPriority
                0x00000000080025dc       0x38 Drivers/STM32L4xx_HAL_Driver/Src/stm32l4xx_hal_cortex.o
                0x00000000080025dc                HAL_NVIC_SetPriority
 .text.HAL_NVIC_EnableIRQ
                0x0000000008002614       0x1c Drivers/STM32L4xx_HAL_Driver/Src/stm32l4xx_hal_cortex.o
                0x0000000008002614                HAL_NVIC_EnableIRQ
 .text.HAL_GPIO_Init
                0x0000000008002630      0x354 Drivers/STM32L4xx_HAL_Driver/Src/stm32l4xx_hal_gpio.o
                0x0000000008002630                HAL_GPIO_Init
 .text.HAL_GPIO_WritePin
                0x0000000008002984       0x30 Drivers/STM32L4xx_HAL_Driver/Src/stm32l4xx_hal_gpio.o
                0x0000000008002984                HAL_GPIO_WritePin
 .text.HAL_PWREx_GetVoltageRange
                0x00000000080029b4       0x1c Drivers/STM32L4xx_HAL_Driver/Src/stm32l4xx_hal_pwr_ex.o
                0x00000000080029b4                HAL_PWREx_GetVoltageRange
 .text.HAL_PWREx_ControlVoltageScaling
                0x00000000080029d0       0xac Drivers/STM32L4xx_HAL_Driver/Src/stm32l4xx_hal_pwr_ex.o
                0x00000000080029d0                HAL_PWREx_ControlVoltageScaling
 .text.HAL_RCC_OscConfig
                0x0000000008002a7c      0x7cc Drivers/STM32L4xx_HAL_Driver/Src/stm32l4xx_hal_rcc.o
                0x0000000008002a7c                HAL_RCC_OscConfig
 .text.HAL_RCC_ClockConfig
                0x0000000008003248      0x1c4 Drivers/STM32L4xx_HAL_Driver/Src/stm32l4xx_hal_rcc.o
                0x0000000008003248                HAL_RCC_ClockConfig
 .text.HAL_RCC_GetSysClockFreq
                0x000000000800340c      0x118 Drivers/STM32L4xx_HAL_Driver/Src/stm32l4xx_hal_rcc.o
                0x000000000800340c                HAL_RCC_GetSysClockFreq
 .text.HAL_RCC_GetHCLKFreq
                0x0000000008003524       0x18 Drivers/STM32L4xx_HAL_Driver/Src/stm32l4xx_hal_rcc.o
                0x0000000008003524                HAL_RCC_GetHCLKFreq
 .text.HAL_RCC_GetPCLK1Freq
                0x000000000800353c       0x2c Drivers/STM32L4xx_HAL_Driver/Src/stm32l4xx_hal_rcc.o
                0x000000000800353c                HAL_RCC_GetPCLK1Freq
 .text.HAL_RCC_GetPCLK2Freq
                0x0000000008003568       0x2c Drivers/STM32L4xx_HAL_Driver/Src/stm32l4xx_hal_rcc.o
                0x0000000008003568                HAL_RCC_GetPCLK2Freq
 .text.HAL_RCC_GetClockConfig
                0x0000000008003594       0x64 Drivers/STM32L4xx_HAL_Driver/Src/stm32l4xx_hal_rcc.o
                0x0000000008003594                HAL_RCC_GetClockConfig
 .text.RCC_SetFlashLatencyFromMSIRange
                0x00000000080035f8       0xc0 Drivers/STM32L4xx_HAL_Driver/Src/stm32l4xx_hal_rcc.o
 .text.HAL_RCCEx_PeriphCLKConfig
                0x00000000080036b8      0x5d4 Drivers/STM32L4xx_HAL_Driver/Src/stm32l4xx_hal_rcc_ex.o
                0x00000000080036b8                HAL_RCCEx_PeriphCLKConfig
 .text.RCCEx_PLLSAI1_Config
                0x0000000008003c8c      0x1e8 Drivers/STM32L4xx_HAL_Driver/Src/stm32l4xx_hal_rcc_ex.o
 .text.RCCEx_PLLSAI2_Config
                0x0000000008003e74      0x1bc Drivers/STM32L4xx_HAL_Driver/Src/stm32l4xx_hal_rcc_ex.o
 .text.HAL_RTC_Init
                0x0000000008004030       0xf6 Drivers/STM32L4xx_HAL_Driver/Src/stm32l4xx_hal_rtc.o
                0x0000000008004030                HAL_RTC_Init
 .text.HAL_RTC_WaitForSynchro
                0x0000000008004126       0x4c Drivers/STM32L4xx_HAL_Driver/Src/stm32l4xx_hal_rtc.o
                0x0000000008004126                HAL_RTC_WaitForSynchro
 .text.RTC_EnterInitMode
                0x0000000008004172       0x66 Drivers/STM32L4xx_HAL_Driver/Src/stm32l4xx_hal_rtc.o
                0x0000000008004172                RTC_EnterInitMode
 .text.RTC_ExitInitMode
                0x00000000080041d8       0x7c Drivers/STM32L4xx_HAL_Driver/Src/stm32l4xx_hal_rtc.o
                0x00000000080041d8                RTC_ExitInitMode
 .text.HAL_SPI_Init
                0x0000000008004254      0x146 Drivers/STM32L4xx_HAL_Driver/Src/stm32l4xx_hal_spi.o
                0x0000000008004254                HAL_SPI_Init
 .text.HAL_SPI_Transmit
                0x000000000800439a      0x2dc Drivers/STM32L4xx_HAL_Driver/Src/stm32l4xx_hal_spi.o
                0x000000000800439a                HAL_SPI_Transmit
 *fill*         0x0000000008004676        0x2 
 .text.SPI_WaitFlagStateUntilTimeout
                0x0000000008004678      0x110 Drivers/STM32L4xx_HAL_Driver/Src/stm32l4xx_hal_spi.o
 .text.SPI_WaitFifoStateUntilTimeout
                0x0000000008004788      0x124 Drivers/STM32L4xx_HAL_Driver/Src/stm32l4xx_hal_spi.o
 .text.SPI_EndRxTxTransaction
                0x00000000080048ac       0x8c Drivers/STM32L4xx_HAL_Driver/Src/stm32l4xx_hal_spi.o
 .text.HAL_TIM_Base_Init
                0x0000000008004938       0xae Drivers/STM32L4xx_HAL_Driver/Src/stm32l4xx_hal_tim.o
                0x0000000008004938                HAL_TIM_Base_Init
 *fill*         0x00000000080049e6        0x2 
 .text.HAL_TIM_Base_Start_IT
                0x00000000080049e8       0xe0 Drivers/STM32L4xx_HAL_Driver/Src/stm32l4xx_hal_tim.o
                0x00000000080049e8                HAL_TIM_Base_Start_IT
 .text.HAL_TIM_PWM_Init
                0x0000000008004ac8       0xae Drivers/STM32L4xx_HAL_Driver/Src/stm32l4xx_hal_tim.o
                0x0000000008004ac8                HAL_TIM_PWM_Init
 .text.HAL_TIM_PWM_MspInit
                0x0000000008004b76       0x14 Drivers/STM32L4xx_HAL_Driver/Src/stm32l4xx_hal_tim.o
                0x0000000008004b76                HAL_TIM_PWM_MspInit
 *fill*         0x0000000008004b8a        0x2 
 .text.HAL_TIM_PWM_Start
                0x0000000008004b8c      0x20c Drivers/STM32L4xx_HAL_Driver/Src/stm32l4xx_hal_tim.o
                0x0000000008004b8c                HAL_TIM_PWM_Start
 .text.HAL_TIM_IRQHandler
                0x0000000008004d98      0x23e Drivers/STM32L4xx_HAL_Driver/Src/stm32l4xx_hal_tim.o
                0x0000000008004d98                HAL_TIM_IRQHandler
 *fill*         0x0000000008004fd6        0x2 
 .text.HAL_TIM_PWM_ConfigChannel
                0x0000000008004fd8      0x220 Drivers/STM32L4xx_HAL_Driver/Src/stm32l4xx_hal_tim.o
                0x0000000008004fd8                HAL_TIM_PWM_ConfigChannel
 .text.HAL_TIM_ConfigClockSource
                0x00000000080051f8      0x18c Drivers/STM32L4xx_HAL_Driver/Src/stm32l4xx_hal_tim.o
                0x00000000080051f8                HAL_TIM_ConfigClockSource
 .text.HAL_TIM_OC_DelayElapsedCallback
                0x0000000008005384       0x14 Drivers/STM32L4xx_HAL_Driver/Src/stm32l4xx_hal_tim.o
                0x0000000008005384                HAL_TIM_OC_DelayElapsedCallback
 .text.HAL_TIM_IC_CaptureCallback
                0x0000000008005398       0x14 Drivers/STM32L4xx_HAL_Driver/Src/stm32l4xx_hal_tim.o
                0x0000000008005398                HAL_TIM_IC_CaptureCallback
 .text.HAL_TIM_PWM_PulseFinishedCallback
                0x00000000080053ac       0x14 Drivers/STM32L4xx_HAL_Driver/Src/stm32l4xx_hal_tim.o
                0x00000000080053ac                HAL_TIM_PWM_PulseFinishedCallback
 .text.HAL_TIM_TriggerCallback
                0x00000000080053c0       0x14 Drivers/STM32L4xx_HAL_Driver/Src/stm32l4xx_hal_tim.o
                0x00000000080053c0                HAL_TIM_TriggerCallback
 .text.TIM_Base_SetConfig
                0x00000000080053d4      0x134 Drivers/STM32L4xx_HAL_Driver/Src/stm32l4xx_hal_tim.o
                0x00000000080053d4                TIM_Base_SetConfig
 .text.TIM_OC1_SetConfig
                0x0000000008005508      0x120 Drivers/STM32L4xx_HAL_Driver/Src/stm32l4xx_hal_tim.o
 .text.TIM_OC2_SetConfig
                0x0000000008005628      0x114 Drivers/STM32L4xx_HAL_Driver/Src/stm32l4xx_hal_tim.o
                0x0000000008005628                TIM_OC2_SetConfig
 .text.TIM_OC3_SetConfig
                0x000000000800573c      0x110 Drivers/STM32L4xx_HAL_Driver/Src/stm32l4xx_hal_tim.o
 .text.TIM_OC4_SetConfig
                0x000000000800584c       0xd4 Drivers/STM32L4xx_HAL_Driver/Src/stm32l4xx_hal_tim.o
 .text.TIM_OC5_SetConfig
                0x0000000008005920       0xc8 Drivers/STM32L4xx_HAL_Driver/Src/stm32l4xx_hal_tim.o
 .text.TIM_OC6_SetConfig
                0x00000000080059e8       0xcc Drivers/STM32L4xx_HAL_Driver/Src/stm32l4xx_hal_tim.o
 .text.TIM_TI1_ConfigInputStage
                0x0000000008005ab4       0x5e Drivers/STM32L4xx_HAL_Driver/Src/stm32l4xx_hal_tim.o
 .text.TIM_TI2_ConfigInputStage
                0x0000000008005b12       0x60 Drivers/STM32L4xx_HAL_Driver/Src/stm32l4xx_hal_tim.o
 .text.TIM_ITRx_SetConfig
                0x0000000008005b72       0x36 Drivers/STM32L4xx_HAL_Driver/Src/stm32l4xx_hal_tim.o
 .text.TIM_ETR_SetConfig
                0x0000000008005ba8       0x40 Drivers/STM32L4xx_HAL_Driver/Src/stm32l4xx_hal_tim.o
                0x0000000008005ba8                TIM_ETR_SetConfig
 .text.TIM_CCxChannelCmd
                0x0000000008005be8       0x4a Drivers/STM32L4xx_HAL_Driver/Src/stm32l4xx_hal_tim.o
                0x0000000008005be8                TIM_CCxChannelCmd
 *fill*         0x0000000008005c32        0x2 
 .text.HAL_TIMEx_MasterConfigSynchronization
                0x0000000008005c34      0x110 Drivers/STM32L4xx_HAL_Driver/Src/stm32l4xx_hal_tim_ex.o
                0x0000000008005c34                HAL_TIMEx_MasterConfigSynchronization
 .text.HAL_TIMEx_CommutCallback
                0x0000000008005d44       0x14 Drivers/STM32L4xx_HAL_Driver/Src/stm32l4xx_hal_tim_ex.o
                0x0000000008005d44                HAL_TIMEx_CommutCallback
 .text.HAL_TIMEx_BreakCallback
                0x0000000008005d58       0x14 Drivers/STM32L4xx_HAL_Driver/Src/stm32l4xx_hal_tim_ex.o
                0x0000000008005d58                HAL_TIMEx_BreakCallback
 .text.HAL_TIMEx_Break2Callback
                0x0000000008005d6c       0x14 Drivers/STM32L4xx_HAL_Driver/Src/stm32l4xx_hal_tim_ex.o
                0x0000000008005d6c                HAL_TIMEx_Break2Callback
 .text.HAL_UART_Init
                0x0000000008005d80       0x9c Drivers/STM32L4xx_HAL_Driver/Src/stm32l4xx_hal_uart.o
                0x0000000008005d80                HAL_UART_Init
 .text.UART_SetConfig
                0x0000000008005e1c      0x514 Drivers/STM32L4xx_HAL_Driver/Src/stm32l4xx_hal_uart.o
                0x0000000008005e1c                UART_SetConfig
 .text.UART_AdvFeatureConfig
                0x0000000008006330      0x144 Drivers/STM32L4xx_HAL_Driver/Src/stm32l4xx_hal_uart.o
                0x0000000008006330                UART_AdvFeatureConfig
 .text.UART_CheckIdleState
                0x0000000008006474       0x92 Drivers/STM32L4xx_HAL_Driver/Src/stm32l4xx_hal_uart.o
                0x0000000008006474                UART_CheckIdleState
 .text.UART_WaitOnFlagUntilTimeout
                0x0000000008006506       0xf8 Drivers/STM32L4xx_HAL_Driver/Src/stm32l4xx_hal_uart.o
                0x0000000008006506                UART_WaitOnFlagUntilTimeout
 *fill*         0x00000000080065fe        0x2 
 .text.__libc_init_array
                0x0000000008006600       0x48 c:/st/stm32cubeide_1.4.0/stm32cubeide/plugins/com.st.stm32cube.ide.mcu.externaltools.gnu-tools-for-stm32.9-2020-q2-update.win32_1.5.0.202011040924/tools/bin/../lib/gcc/arm-none-eabi/9.3.1/../../../../arm-none-eabi/lib/thumb/v7e-m+fp/hard\libc_nano.a(lib_a-init.o)
                0x0000000008006600                __libc_init_array
 .text.memset   0x0000000008006648       0x10 c:/st/stm32cubeide_1.4.0/stm32cubeide/plugins/com.st.stm32cube.ide.mcu.externaltools.gnu-tools-for-stm32.9-2020-q2-update.win32_1.5.0.202011040924/tools/bin/../lib/gcc/arm-none-eabi/9.3.1/../../../../arm-none-eabi/lib/thumb/v7e-m+fp/hard\libc_nano.a(lib_a-memset.o)
                0x0000000008006648                memset
 *(.glue_7)
 .glue_7        0x0000000008006658        0x0 linker stubs
 *(.glue_7t)
 .glue_7t       0x0000000008006658        0x0 linker stubs
 *(.eh_frame)
 .eh_frame      0x0000000008006658        0x0 c:/st/stm32cubeide_1.4.0/stm32cubeide/plugins/com.st.stm32cube.ide.mcu.externaltools.gnu-tools-for-stm32.9-2020-q2-update.win32_1.5.0.202011040924/tools/bin/../lib/gcc/arm-none-eabi/9.3.1/thumb/v7e-m+fp/hard/crtbegin.o
 *(.init)
 .init          0x0000000008006658        0x4 c:/st/stm32cubeide_1.4.0/stm32cubeide/plugins/com.st.stm32cube.ide.mcu.externaltools.gnu-tools-for-stm32.9-2020-q2-update.win32_1.5.0.202011040924/tools/bin/../lib/gcc/arm-none-eabi/9.3.1/thumb/v7e-m+fp/hard/crti.o
                0x0000000008006658                _init
 .init          0x000000000800665c        0x8 c:/st/stm32cubeide_1.4.0/stm32cubeide/plugins/com.st.stm32cube.ide.mcu.externaltools.gnu-tools-for-stm32.9-2020-q2-update.win32_1.5.0.202011040924/tools/bin/../lib/gcc/arm-none-eabi/9.3.1/thumb/v7e-m+fp/hard/crtn.o
 *(.fini)
 .fini          0x0000000008006664        0x4 c:/st/stm32cubeide_1.4.0/stm32cubeide/plugins/com.st.stm32cube.ide.mcu.externaltools.gnu-tools-for-stm32.9-2020-q2-update.win32_1.5.0.202011040924/tools/bin/../lib/gcc/arm-none-eabi/9.3.1/thumb/v7e-m+fp/hard/crti.o
                0x0000000008006664                _fini
 .fini          0x0000000008006668        0x8 c:/st/stm32cubeide_1.4.0/stm32cubeide/plugins/com.st.stm32cube.ide.mcu.externaltools.gnu-tools-for-stm32.9-2020-q2-update.win32_1.5.0.202011040924/tools/bin/../lib/gcc/arm-none-eabi/9.3.1/thumb/v7e-m+fp/hard/crtn.o
                0x0000000008006670                . = ALIGN (0x4)
                0x0000000008006670                _etext = .

.vfp11_veneer   0x0000000008006670        0x0
 .vfp11_veneer  0x0000000008006670        0x0 linker stubs

.v4_bx          0x0000000008006670        0x0
 .v4_bx         0x0000000008006670        0x0 linker stubs

.iplt           0x0000000008006670        0x0
 .iplt          0x0000000008006670        0x0 c:/st/stm32cubeide_1.4.0/stm32cubeide/plugins/com.st.stm32cube.ide.mcu.externaltools.gnu-tools-for-stm32.9-2020-q2-update.win32_1.5.0.202011040924/tools/bin/../lib/gcc/arm-none-eabi/9.3.1/thumb/v7e-m+fp/hard/crtbegin.o

.rodata         0x0000000008006670       0x58
                0x0000000008006670                . = ALIGN (0x4)
 *(.rodata)
 .rodata        0x0000000008006670        0xe Core/Src/sensfuncs.o
 *(.rodata*)
 *fill*         0x000000000800667e        0x2 
 .rodata.AHBPrescTable
                0x0000000008006680       0x10 Core/Src/system_stm32l4xx.o
                0x0000000008006680                AHBPrescTable
 .rodata.APBPrescTable
                0x0000000008006690        0x8 Core/Src/system_stm32l4xx.o
                0x0000000008006690                APBPrescTable
 .rodata.MSIRangeTable
                0x0000000008006698       0x30 Core/Src/system_stm32l4xx.o
                0x0000000008006698                MSIRangeTable
                0x00000000080066c8                . = ALIGN (0x4)

.ARM.extab      0x00000000080066c8        0x0
                0x00000000080066c8                . = ALIGN (0x4)
 *(.ARM.extab* .gnu.linkonce.armextab.*)
                0x00000000080066c8                . = ALIGN (0x4)

.ARM            0x00000000080066c8        0x8
                0x00000000080066c8                . = ALIGN (0x4)
                0x00000000080066c8                __exidx_start = .
 *(.ARM.exidx*)
 .ARM.exidx     0x00000000080066c8        0x8 c:/st/stm32cubeide_1.4.0/stm32cubeide/plugins/com.st.stm32cube.ide.mcu.externaltools.gnu-tools-for-stm32.9-2020-q2-update.win32_1.5.0.202011040924/tools/bin/../lib/gcc/arm-none-eabi/9.3.1/thumb/v7e-m+fp/hard\libgcc.a(_udivmoddi4.o)
                0x00000000080066d0                __exidx_end = .
                0x00000000080066d0                . = ALIGN (0x4)

.rel.dyn        0x00000000080066d0        0x0
 .rel.iplt      0x00000000080066d0        0x0 c:/st/stm32cubeide_1.4.0/stm32cubeide/plugins/com.st.stm32cube.ide.mcu.externaltools.gnu-tools-for-stm32.9-2020-q2-update.win32_1.5.0.202011040924/tools/bin/../lib/gcc/arm-none-eabi/9.3.1/thumb/v7e-m+fp/hard/crtbegin.o

.preinit_array  0x00000000080066d0        0x0
                0x00000000080066d0                . = ALIGN (0x4)
                0x00000000080066d0                PROVIDE (__preinit_array_start = .)
 *(.preinit_array*)
                0x00000000080066d0                PROVIDE (__preinit_array_end = .)
                0x00000000080066d0                . = ALIGN (0x4)

.init_array     0x00000000080066d0        0x4
                0x00000000080066d0                . = ALIGN (0x4)
                0x00000000080066d0                PROVIDE (__init_array_start = .)
 *(SORT_BY_NAME(.init_array.*))
 *(.init_array*)
 .init_array    0x00000000080066d0        0x4 c:/st/stm32cubeide_1.4.0/stm32cubeide/plugins/com.st.stm32cube.ide.mcu.externaltools.gnu-tools-for-stm32.9-2020-q2-update.win32_1.5.0.202011040924/tools/bin/../lib/gcc/arm-none-eabi/9.3.1/thumb/v7e-m+fp/hard/crtbegin.o
                0x00000000080066d4                PROVIDE (__init_array_end = .)
                0x00000000080066d4                . = ALIGN (0x4)

.fini_array     0x00000000080066d4        0x4
                0x00000000080066d4                . = ALIGN (0x4)
                [!provide]                        PROVIDE (__fini_array_start = .)
 *(SORT_BY_NAME(.fini_array.*))
 *(.fini_array*)
 .fini_array    0x00000000080066d4        0x4 c:/st/stm32cubeide_1.4.0/stm32cubeide/plugins/com.st.stm32cube.ide.mcu.externaltools.gnu-tools-for-stm32.9-2020-q2-update.win32_1.5.0.202011040924/tools/bin/../lib/gcc/arm-none-eabi/9.3.1/thumb/v7e-m+fp/hard/crtbegin.o
                [!provide]                        PROVIDE (__fini_array_end = .)
                0x00000000080066d8                . = ALIGN (0x4)
                0x00000000080066d8                _sidata = LOADADDR (.data)

.data           0x0000000020000000       0x60 load address 0x00000000080066d8
                0x0000000020000000                . = ALIGN (0x4)
                0x0000000020000000                _sdata = .
 *(.data)
 *(.data*)
 .data.str      0x0000000020000000       0x54 Core/Src/sensfuncs.o
                0x0000000020000000                str
 .data.SystemCoreClock
                0x0000000020000054        0x4 Core/Src/system_stm32l4xx.o
                0x0000000020000054                SystemCoreClock
 .data.uwTickPrio
                0x0000000020000058        0x4 Drivers/STM32L4xx_HAL_Driver/Src/stm32l4xx_hal.o
                0x0000000020000058                uwTickPrio
 .data.uwTickFreq
                0x000000002000005c        0x1 Drivers/STM32L4xx_HAL_Driver/Src/stm32l4xx_hal.o
                0x000000002000005c                uwTickFreq
                0x0000000020000060                . = ALIGN (0x4)
 *fill*         0x000000002000005d        0x3 
                0x0000000020000060                _edata = .

.igot.plt       0x0000000020000060        0x0 load address 0x0000000008006738
 .igot.plt      0x0000000020000060        0x0 c:/st/stm32cubeide_1.4.0/stm32cubeide/plugins/com.st.stm32cube.ide.mcu.externaltools.gnu-tools-for-stm32.9-2020-q2-update.win32_1.5.0.202011040924/tools/bin/../lib/gcc/arm-none-eabi/9.3.1/thumb/v7e-m+fp/hard/crtbegin.o
                0x0000000020000060                . = ALIGN (0x4)

.bss            0x0000000020000060      0x230 load address 0x0000000008006738
                0x0000000020000060                _sbss = .
                0x0000000020000060                __bss_start__ = _sbss
 *(.bss)
 .bss           0x0000000020000060       0x1c c:/st/stm32cubeide_1.4.0/stm32cubeide/plugins/com.st.stm32cube.ide.mcu.externaltools.gnu-tools-for-stm32.9-2020-q2-update.win32_1.5.0.202011040924/tools/bin/../lib/gcc/arm-none-eabi/9.3.1/thumb/v7e-m+fp/hard/crtbegin.o
 *(.bss*)
 *(COMMON)
 COMMON         0x000000002000007c       0x64 Core/Src/adc.o
                0x000000002000007c                hadc1
 COMMON         0x00000000200000e0       0x24 Core/Src/rtc.o
                0x00000000200000e0                hrtc
 COMMON         0x0000000020000104        0x3 Core/Src/sensfuncs.o
                0x0000000020000104                data
 *fill*         0x0000000020000107        0x1 
 COMMON         0x0000000020000108       0x64 Core/Src/spi.o
                0x0000000020000108                hspi2
 COMMON         0x000000002000016c       0x4c Core/Src/stm32l4xx_hal_timebase_tim.o
                0x000000002000016c                htim1
 COMMON         0x00000000200001b8       0x4c Core/Src/tim.o
                0x00000000200001b8                htim3
 COMMON         0x0000000020000204        0x4 Core/Src/tstmain.o
                0x0000000020000204                adw
 COMMON         0x0000000020000208       0x84 Core/Src/usart.o
                0x0000000020000208                huart5
 COMMON         0x000000002000028c        0x4 Drivers/STM32L4xx_HAL_Driver/Src/stm32l4xx_hal.o
                0x000000002000028c                uwTick
                0x0000000020000290                . = ALIGN (0x4)
                0x0000000020000290                _ebss = .
                0x0000000020000290                __bss_end__ = _ebss

._user_heap_stack
                0x0000000020000290      0x600 load address 0x0000000008006738
                0x0000000020000290                . = ALIGN (0x8)
                [!provide]                        PROVIDE (end = .)
                0x0000000020000290                PROVIDE (_end = .)
                0x0000000020000490                . = (. + _Min_Heap_Size)
 *fill*         0x0000000020000290      0x200 
                0x0000000020000890                . = (. + _Min_Stack_Size)
 *fill*         0x0000000020000490      0x400 
                0x0000000020000890                . = ALIGN (0x8)

/DISCARD/
 libc.a(*)
 libm.a(*)
 libgcc.a(*)

.ARM.attributes
                0x0000000000000000       0x30
 *(.ARM.attributes)
 .ARM.attributes
                0x0000000000000000       0x1e c:/st/stm32cubeide_1.4.0/stm32cubeide/plugins/com.st.stm32cube.ide.mcu.externaltools.gnu-tools-for-stm32.9-2020-q2-update.win32_1.5.0.202011040924/tools/bin/../lib/gcc/arm-none-eabi/9.3.1/thumb/v7e-m+fp/hard/crti.o
 .ARM.attributes
                0x000000000000001e       0x34 c:/st/stm32cubeide_1.4.0/stm32cubeide/plugins/com.st.stm32cube.ide.mcu.externaltools.gnu-tools-for-stm32.9-2020-q2-update.win32_1.5.0.202011040924/tools/bin/../lib/gcc/arm-none-eabi/9.3.1/thumb/v7e-m+fp/hard/crtbegin.o
 .ARM.attributes
                0x0000000000000052       0x34 Core/Src/adc.o
 .ARM.attributes
                0x0000000000000086       0x34 Core/Src/gpio.o
 .ARM.attributes
                0x00000000000000ba       0x34 Core/Src/rtc.o
 .ARM.attributes
                0x00000000000000ee       0x34 Core/Src/sensfuncs.o
 .ARM.attributes
                0x0000000000000122       0x34 Core/Src/spi.o
 .ARM.attributes
                0x0000000000000156       0x34 Core/Src/stm32l4xx_hal_msp.o
 .ARM.attributes
                0x000000000000018a       0x34 Core/Src/stm32l4xx_hal_timebase_tim.o
 .ARM.attributes
                0x00000000000001be       0x34 Core/Src/stm32l4xx_it.o
 .ARM.attributes
                0x00000000000001f2       0x34 Core/Src/system_stm32l4xx.o
 .ARM.attributes
                0x0000000000000226       0x34 Core/Src/tim.o
 .ARM.attributes
                0x000000000000025a       0x34 Core/Src/tstmain.o
 .ARM.attributes
                0x000000000000028e       0x34 Core/Src/usart.o
 .ARM.attributes
                0x00000000000002c2       0x21 Core/Startup/startup_stm32l476rgtx.o
 .ARM.attributes
                0x00000000000002e3       0x34 Drivers/STM32L4xx_HAL_Driver/Src/stm32l4xx_hal.o
 .ARM.attributes
                0x0000000000000317       0x34 Drivers/STM32L4xx_HAL_Driver/Src/stm32l4xx_hal_adc.o
 .ARM.attributes
                0x000000000000034b       0x34 Drivers/STM32L4xx_HAL_Driver/Src/stm32l4xx_hal_adc_ex.o
 .ARM.attributes
                0x000000000000037f       0x34 Drivers/STM32L4xx_HAL_Driver/Src/stm32l4xx_hal_cortex.o
 .ARM.attributes
                0x00000000000003b3       0x34 Drivers/STM32L4xx_HAL_Driver/Src/stm32l4xx_hal_gpio.o
 .ARM.attributes
                0x00000000000003e7       0x34 Drivers/STM32L4xx_HAL_Driver/Src/stm32l4xx_hal_pwr_ex.o
 .ARM.attributes
                0x000000000000041b       0x34 Drivers/STM32L4xx_HAL_Driver/Src/stm32l4xx_hal_rcc.o
 .ARM.attributes
                0x000000000000044f       0x34 Drivers/STM32L4xx_HAL_Driver/Src/stm32l4xx_hal_rcc_ex.o
 .ARM.attributes
                0x0000000000000483       0x34 Drivers/STM32L4xx_HAL_Driver/Src/stm32l4xx_hal_rtc.o
 .ARM.attributes
                0x00000000000004b7       0x34 Drivers/STM32L4xx_HAL_Driver/Src/stm32l4xx_hal_spi.o
 .ARM.attributes
                0x00000000000004eb       0x34 Drivers/STM32L4xx_HAL_Driver/Src/stm32l4xx_hal_tim.o
 .ARM.attributes
                0x000000000000051f       0x34 Drivers/STM32L4xx_HAL_Driver/Src/stm32l4xx_hal_tim_ex.o
 .ARM.attributes
                0x0000000000000553       0x34 Drivers/STM32L4xx_HAL_Driver/Src/stm32l4xx_hal_uart.o
 .ARM.attributes
                0x0000000000000587       0x34 c:/st/stm32cubeide_1.4.0/stm32cubeide/plugins/com.st.stm32cube.ide.mcu.externaltools.gnu-tools-for-stm32.9-2020-q2-update.win32_1.5.0.202011040924/tools/bin/../lib/gcc/arm-none-eabi/9.3.1/../../../../arm-none-eabi/lib/thumb/v7e-m+fp/hard\libc_nano.a(lib_a-init.o)
 .ARM.attributes
                0x00000000000005bb       0x34 c:/st/stm32cubeide_1.4.0/stm32cubeide/plugins/com.st.stm32cube.ide.mcu.externaltools.gnu-tools-for-stm32.9-2020-q2-update.win32_1.5.0.202011040924/tools/bin/../lib/gcc/arm-none-eabi/9.3.1/../../../../arm-none-eabi/lib/thumb/v7e-m+fp/hard\libc_nano.a(lib_a-memset.o)
 .ARM.attributes
                0x00000000000005ef       0x1e c:/st/stm32cubeide_1.4.0/stm32cubeide/plugins/com.st.stm32cube.ide.mcu.externaltools.gnu-tools-for-stm32.9-2020-q2-update.win32_1.5.0.202011040924/tools/bin/../lib/gcc/arm-none-eabi/9.3.1/thumb/v7e-m+fp/hard\libgcc.a(_aeabi_uldivmod.o)
 .ARM.attributes
                0x000000000000060d       0x34 c:/st/stm32cubeide_1.4.0/stm32cubeide/plugins/com.st.stm32cube.ide.mcu.externaltools.gnu-tools-for-stm32.9-2020-q2-update.win32_1.5.0.202011040924/tools/bin/../lib/gcc/arm-none-eabi/9.3.1/thumb/v7e-m+fp/hard\libgcc.a(_udivmoddi4.o)
 .ARM.attributes
                0x0000000000000641       0x1e c:/st/stm32cubeide_1.4.0/stm32cubeide/plugins/com.st.stm32cube.ide.mcu.externaltools.gnu-tools-for-stm32.9-2020-q2-update.win32_1.5.0.202011040924/tools/bin/../lib/gcc/arm-none-eabi/9.3.1/thumb/v7e-m+fp/hard\libgcc.a(_dvmd_tls.o)
 .ARM.attributes
                0x000000000000065f       0x1e c:/st/stm32cubeide_1.4.0/stm32cubeide/plugins/com.st.stm32cube.ide.mcu.externaltools.gnu-tools-for-stm32.9-2020-q2-update.win32_1.5.0.202011040924/tools/bin/../lib/gcc/arm-none-eabi/9.3.1/thumb/v7e-m+fp/hard/crtn.o
OUTPUT(BudgetDisplay.elf elf32-littlearm)
LOAD linker stubs
LOAD c:/st/stm32cubeide_1.4.0/stm32cubeide/plugins/com.st.stm32cube.ide.mcu.externaltools.gnu-tools-for-stm32.9-2020-q2-update.win32_1.5.0.202011040924/tools/bin/../lib/gcc/arm-none-eabi/9.3.1/../../../../arm-none-eabi/lib/thumb/v7e-m+fp/hard\libc.a
LOAD c:/st/stm32cubeide_1.4.0/stm32cubeide/plugins/com.st.stm32cube.ide.mcu.externaltools.gnu-tools-for-stm32.9-2020-q2-update.win32_1.5.0.202011040924/tools/bin/../lib/gcc/arm-none-eabi/9.3.1/../../../../arm-none-eabi/lib/thumb/v7e-m+fp/hard\libm.a
LOAD c:/st/stm32cubeide_1.4.0/stm32cubeide/plugins/com.st.stm32cube.ide.mcu.externaltools.gnu-tools-for-stm32.9-2020-q2-update.win32_1.5.0.202011040924/tools/bin/../lib/gcc/arm-none-eabi/9.3.1/thumb/v7e-m+fp/hard\libgcc.a

.debug_info     0x0000000000000000    0x1bdbb
 .debug_info    0x0000000000000000      0xe07 Core/Src/adc.o
 .debug_info    0x0000000000000e07      0x6df Core/Src/gpio.o
 .debug_info    0x00000000000014e6      0x98c Core/Src/rtc.o
 .debug_info    0x0000000000001e72     0x21b3 Core/Src/sensfuncs.o
 .debug_info    0x0000000000004025      0xbed Core/Src/spi.o
 .debug_info    0x0000000000004c12      0x545 Core/Src/stm32l4xx_hal_msp.o
 .debug_info    0x0000000000005157      0xe29 Core/Src/stm32l4xx_hal_timebase_tim.o
 .debug_info    0x0000000000005f80      0x958 Core/Src/stm32l4xx_it.o
 .debug_info    0x00000000000068d8      0x794 Core/Src/system_stm32l4xx.o
 .debug_info    0x000000000000706c      0xe2b Core/Src/tim.o
 .debug_info    0x0000000000007e97     0x1b2c Core/Src/tstmain.o
 .debug_info    0x00000000000099c3      0xcb2 Core/Src/usart.o
 .debug_info    0x000000000000a675       0x22 Core/Startup/startup_stm32l476rgtx.o
 .debug_info    0x000000000000a697      0xcb9 Drivers/STM32L4xx_HAL_Driver/Src/stm32l4xx_hal.o
 .debug_info    0x000000000000b350     0x1f9e Drivers/STM32L4xx_HAL_Driver/Src/stm32l4xx_hal_adc.o
 .debug_info    0x000000000000d2ee     0x1d10 Drivers/STM32L4xx_HAL_Driver/Src/stm32l4xx_hal_adc_ex.o
 .debug_info    0x000000000000effe     0x102e Drivers/STM32L4xx_HAL_Driver/Src/stm32l4xx_hal_cortex.o
 .debug_info    0x000000000001002c      0xa5f Drivers/STM32L4xx_HAL_Driver/Src/stm32l4xx_hal_gpio.o
 .debug_info    0x0000000000010a8b      0xbda Drivers/STM32L4xx_HAL_Driver/Src/stm32l4xx_hal_pwr_ex.o
 .debug_info    0x0000000000011665      0xe0b Drivers/STM32L4xx_HAL_Driver/Src/stm32l4xx_hal_rcc.o
 .debug_info    0x0000000000012470     0x103f Drivers/STM32L4xx_HAL_Driver/Src/stm32l4xx_hal_rcc_ex.o
 .debug_info    0x00000000000134af     0x1085 Drivers/STM32L4xx_HAL_Driver/Src/stm32l4xx_hal_rtc.o
 .debug_info    0x0000000000014534     0x18f8 Drivers/STM32L4xx_HAL_Driver/Src/stm32l4xx_hal_spi.o
 .debug_info    0x0000000000015e2c     0x2cb9 Drivers/STM32L4xx_HAL_Driver/Src/stm32l4xx_hal_tim.o
 .debug_info    0x0000000000018ae5     0x1813 Drivers/STM32L4xx_HAL_Driver/Src/stm32l4xx_hal_tim_ex.o
 .debug_info    0x000000000001a2f8     0x1ac3 Drivers/STM32L4xx_HAL_Driver/Src/stm32l4xx_hal_uart.o

.debug_abbrev   0x0000000000000000     0x32b1
 .debug_abbrev  0x0000000000000000      0x1bb Core/Src/adc.o
 .debug_abbrev  0x00000000000001bb      0x14e Core/Src/gpio.o
 .debug_abbrev  0x0000000000000309      0x15d Core/Src/rtc.o
 .debug_abbrev  0x0000000000000466      0x284 Core/Src/sensfuncs.o
 .debug_abbrev  0x00000000000006ea      0x1bb Core/Src/spi.o
 .debug_abbrev  0x00000000000008a5      0x13d Core/Src/stm32l4xx_hal_msp.o
 .debug_abbrev  0x00000000000009e2      0x1bf Core/Src/stm32l4xx_hal_timebase_tim.o
 .debug_abbrev  0x0000000000000ba1      0x176 Core/Src/stm32l4xx_it.o
 .debug_abbrev  0x0000000000000d17      0x16e Core/Src/system_stm32l4xx.o
 .debug_abbrev  0x0000000000000e85      0x1df Core/Src/tim.o
 .debug_abbrev  0x0000000000001064      0x1da Core/Src/tstmain.o
 .debug_abbrev  0x000000000000123e      0x1bb Core/Src/usart.o
 .debug_abbrev  0x00000000000013f9       0x12 Core/Startup/startup_stm32l476rgtx.o
 .debug_abbrev  0x000000000000140b      0x227 Drivers/STM32L4xx_HAL_Driver/Src/stm32l4xx_hal.o
 .debug_abbrev  0x0000000000001632      0x288 Drivers/STM32L4xx_HAL_Driver/Src/stm32l4xx_hal_adc.o
 .debug_abbrev  0x00000000000018ba      0x2ac Drivers/STM32L4xx_HAL_Driver/Src/stm32l4xx_hal_adc_ex.o
 .debug_abbrev  0x0000000000001b66      0x33c Drivers/STM32L4xx_HAL_Driver/Src/stm32l4xx_hal_cortex.o
 .debug_abbrev  0x0000000000001ea2      0x1e8 Drivers/STM32L4xx_HAL_Driver/Src/stm32l4xx_hal_gpio.o
 .debug_abbrev  0x000000000000208a      0x1f3 Drivers/STM32L4xx_HAL_Driver/Src/stm32l4xx_hal_pwr_ex.o
 .debug_abbrev  0x000000000000227d      0x275 Drivers/STM32L4xx_HAL_Driver/Src/stm32l4xx_hal_rcc.o
 .debug_abbrev  0x00000000000024f2      0x268 Drivers/STM32L4xx_HAL_Driver/Src/stm32l4xx_hal_rcc_ex.o
 .debug_abbrev  0x000000000000275a      0x200 Drivers/STM32L4xx_HAL_Driver/Src/stm32l4xx_hal_rtc.o
 .debug_abbrev  0x000000000000295a      0x254 Drivers/STM32L4xx_HAL_Driver/Src/stm32l4xx_hal_spi.o
 .debug_abbrev  0x0000000000002bae      0x25e Drivers/STM32L4xx_HAL_Driver/Src/stm32l4xx_hal_tim.o
 .debug_abbrev  0x0000000000002e0c      0x266 Drivers/STM32L4xx_HAL_Driver/Src/stm32l4xx_hal_tim_ex.o
 .debug_abbrev  0x0000000000003072      0x23f Drivers/STM32L4xx_HAL_Driver/Src/stm32l4xx_hal_uart.o

.debug_aranges  0x0000000000000000     0x15f0
 .debug_aranges
                0x0000000000000000       0x30 Core/Src/adc.o
 .debug_aranges
                0x0000000000000030       0x20 Core/Src/gpio.o
 .debug_aranges
                0x0000000000000050       0x30 Core/Src/rtc.o
 .debug_aranges
                0x0000000000000080       0x50 Core/Src/sensfuncs.o
 .debug_aranges
                0x00000000000000d0       0x30 Core/Src/spi.o
 .debug_aranges
                0x0000000000000100       0x20 Core/Src/stm32l4xx_hal_msp.o
 .debug_aranges
                0x0000000000000120       0x30 Core/Src/stm32l4xx_hal_timebase_tim.o
 .debug_aranges
                0x0000000000000150       0x68 Core/Src/stm32l4xx_it.o
 .debug_aranges
                0x00000000000001b8       0x28 Core/Src/system_stm32l4xx.o
 .debug_aranges
                0x00000000000001e0       0x38 Core/Src/tim.o
 .debug_aranges
                0x0000000000000218       0x38 Core/Src/tstmain.o
 .debug_aranges
                0x0000000000000250       0x30 Core/Src/usart.o
 .debug_aranges
                0x0000000000000280       0x28 Core/Startup/startup_stm32l476rgtx.o
 .debug_aranges
                0x00000000000002a8      0x130 Drivers/STM32L4xx_HAL_Driver/Src/stm32l4xx_hal.o
 .debug_aranges
                0x00000000000003d8      0x220 Drivers/STM32L4xx_HAL_Driver/Src/stm32l4xx_hal_adc.o
 .debug_aranges
                0x00000000000005f8      0x1a8 Drivers/STM32L4xx_HAL_Driver/Src/stm32l4xx_hal_adc_ex.o
 .debug_aranges
                0x00000000000007a0      0x118 Drivers/STM32L4xx_HAL_Driver/Src/stm32l4xx_hal_cortex.o
 .debug_aranges
                0x00000000000008b8       0x58 Drivers/STM32L4xx_HAL_Driver/Src/stm32l4xx_hal_gpio.o
 .debug_aranges
                0x0000000000000910      0x150 Drivers/STM32L4xx_HAL_Driver/Src/stm32l4xx_hal_pwr_ex.o
 .debug_aranges
                0x0000000000000a60       0x88 Drivers/STM32L4xx_HAL_Driver/Src/stm32l4xx_hal_rcc.o
 .debug_aranges
                0x0000000000000ae8       0xc0 Drivers/STM32L4xx_HAL_Driver/Src/stm32l4xx_hal_rcc_ex.o
 .debug_aranges
                0x0000000000000ba8       0xe8 Drivers/STM32L4xx_HAL_Driver/Src/stm32l4xx_hal_rtc.o
 .debug_aranges
                0x0000000000000c90      0x1d8 Drivers/STM32L4xx_HAL_Driver/Src/stm32l4xx_hal_spi.o
 .debug_aranges
                0x0000000000000e68      0x3e0 Drivers/STM32L4xx_HAL_Driver/Src/stm32l4xx_hal_tim.o
 .debug_aranges
                0x0000000000001248      0x180 Drivers/STM32L4xx_HAL_Driver/Src/stm32l4xx_hal_tim_ex.o
 .debug_aranges
                0x00000000000013c8      0x228 Drivers/STM32L4xx_HAL_Driver/Src/stm32l4xx_hal_uart.o

.debug_ranges   0x0000000000000000     0x1488
 .debug_ranges  0x0000000000000000       0x20 Core/Src/adc.o
 .debug_ranges  0x0000000000000020       0x10 Core/Src/gpio.o
 .debug_ranges  0x0000000000000030       0x20 Core/Src/rtc.o
 .debug_ranges  0x0000000000000050       0x40 Core/Src/sensfuncs.o
 .debug_ranges  0x0000000000000090       0x20 Core/Src/spi.o
 .debug_ranges  0x00000000000000b0       0x10 Core/Src/stm32l4xx_hal_msp.o
 .debug_ranges  0x00000000000000c0       0x20 Core/Src/stm32l4xx_hal_timebase_tim.o
 .debug_ranges  0x00000000000000e0       0x58 Core/Src/stm32l4xx_it.o
 .debug_ranges  0x0000000000000138       0x18 Core/Src/system_stm32l4xx.o
 .debug_ranges  0x0000000000000150       0x28 Core/Src/tim.o
 .debug_ranges  0x0000000000000178       0x28 Core/Src/tstmain.o
 .debug_ranges  0x00000000000001a0       0x20 Core/Src/usart.o
 .debug_ranges  0x00000000000001c0       0x20 Core/Startup/startup_stm32l476rgtx.o
 .debug_ranges  0x00000000000001e0      0x120 Drivers/STM32L4xx_HAL_Driver/Src/stm32l4xx_hal.o
 .debug_ranges  0x0000000000000300      0x210 Drivers/STM32L4xx_HAL_Driver/Src/stm32l4xx_hal_adc.o
 .debug_ranges  0x0000000000000510      0x198 Drivers/STM32L4xx_HAL_Driver/Src/stm32l4xx_hal_adc_ex.o
 .debug_ranges  0x00000000000006a8      0x108 Drivers/STM32L4xx_HAL_Driver/Src/stm32l4xx_hal_cortex.o
 .debug_ranges  0x00000000000007b0       0x48 Drivers/STM32L4xx_HAL_Driver/Src/stm32l4xx_hal_gpio.o
 .debug_ranges  0x00000000000007f8      0x140 Drivers/STM32L4xx_HAL_Driver/Src/stm32l4xx_hal_pwr_ex.o
 .debug_ranges  0x0000000000000938       0x78 Drivers/STM32L4xx_HAL_Driver/Src/stm32l4xx_hal_rcc.o
 .debug_ranges  0x00000000000009b0       0xb0 Drivers/STM32L4xx_HAL_Driver/Src/stm32l4xx_hal_rcc_ex.o
 .debug_ranges  0x0000000000000a60       0xd8 Drivers/STM32L4xx_HAL_Driver/Src/stm32l4xx_hal_rtc.o
 .debug_ranges  0x0000000000000b38      0x1c8 Drivers/STM32L4xx_HAL_Driver/Src/stm32l4xx_hal_spi.o
 .debug_ranges  0x0000000000000d00      0x3d0 Drivers/STM32L4xx_HAL_Driver/Src/stm32l4xx_hal_tim.o
 .debug_ranges  0x00000000000010d0      0x170 Drivers/STM32L4xx_HAL_Driver/Src/stm32l4xx_hal_tim_ex.o
 .debug_ranges  0x0000000000001240      0x248 Drivers/STM32L4xx_HAL_Driver/Src/stm32l4xx_hal_uart.o

.debug_macro    0x0000000000000000    0x2aca3
 .debug_macro   0x0000000000000000      0x251 Core/Src/adc.o
 .debug_macro   0x0000000000000251      0xaa8 Core/Src/adc.o
 .debug_macro   0x0000000000000cf9      0x1bf Core/Src/adc.o
 .debug_macro   0x0000000000000eb8       0x2e Core/Src/adc.o
 .debug_macro   0x0000000000000ee6       0x28 Core/Src/adc.o
 .debug_macro   0x0000000000000f0e       0x22 Core/Src/adc.o
 .debug_macro   0x0000000000000f30       0x8e Core/Src/adc.o
 .debug_macro   0x0000000000000fbe       0x51 Core/Src/adc.o
 .debug_macro   0x000000000000100f      0x103 Core/Src/adc.o
 .debug_macro   0x0000000000001112       0x6a Core/Src/adc.o
 .debug_macro   0x000000000000117c      0x1df Core/Src/adc.o
 .debug_macro   0x000000000000135b       0x1c Core/Src/adc.o
 .debug_macro   0x0000000000001377       0x22 Core/Src/adc.o
 .debug_macro   0x0000000000001399      0x101 Core/Src/adc.o
 .debug_macro   0x000000000000149a     0x1011 Core/Src/adc.o
 .debug_macro   0x00000000000024ab      0x11f Core/Src/adc.o
 .debug_macro   0x00000000000025ca    0x1a13d Core/Src/adc.o
 .debug_macro   0x000000000001c707       0x43 Core/Src/adc.o
 .debug_macro   0x000000000001c74a     0x3897 Core/Src/adc.o
 .debug_macro   0x000000000001ffe1      0x174 Core/Src/adc.o
 .debug_macro   0x0000000000020155       0x5c Core/Src/adc.o
 .debug_macro   0x00000000000201b1     0x155f Core/Src/adc.o
 .debug_macro   0x0000000000021710      0x59e Core/Src/adc.o
 .debug_macro   0x0000000000021cae      0x13d Core/Src/adc.o
 .debug_macro   0x0000000000021deb      0x18b Core/Src/adc.o
 .debug_macro   0x0000000000021f76      0x26b Core/Src/adc.o
 .debug_macro   0x00000000000221e1      0x23d Core/Src/adc.o
 .debug_macro   0x000000000002241e      0xf83 Core/Src/adc.o
 .debug_macro   0x00000000000233a1      0x632 Core/Src/adc.o
 .debug_macro   0x00000000000239d3      0x30c Core/Src/adc.o
 .debug_macro   0x0000000000023cdf      0x241 Core/Src/adc.o
 .debug_macro   0x0000000000023f20      0x37c Core/Src/adc.o
 .debug_macro   0x000000000002429c       0xd6 Core/Src/adc.o
 .debug_macro   0x0000000000024372      0x22c Core/Src/adc.o
 .debug_macro   0x000000000002459e       0x61 Core/Src/adc.o
 .debug_macro   0x00000000000245ff       0xa5 Core/Src/adc.o
 .debug_macro   0x00000000000246a4      0x122 Core/Src/adc.o
 .debug_macro   0x00000000000247c6      0x3e9 Core/Src/adc.o
 .debug_macro   0x0000000000024baf      0x31a Core/Src/adc.o
 .debug_macro   0x0000000000024ec9      0x4fb Core/Src/adc.o
 .debug_macro   0x00000000000253c4       0xe4 Core/Src/adc.o
 .debug_macro   0x00000000000254a8      0x2fe Core/Src/adc.o
 .debug_macro   0x00000000000257a6      0xa75 Core/Src/adc.o
 .debug_macro   0x000000000002621b      0x1e7 Core/Src/adc.o
 .debug_macro   0x0000000000026402      0x5ba Core/Src/adc.o
 .debug_macro   0x00000000000269bc       0x44 Core/Src/adc.o
 .debug_macro   0x0000000000026a00      0x331 Core/Src/adc.o
 .debug_macro   0x0000000000026d31       0x40 Core/Src/adc.o
 .debug_macro   0x0000000000026d71      0x251 Core/Src/gpio.o
 .debug_macro   0x0000000000026fc2      0x251 Core/Src/rtc.o
 .debug_macro   0x0000000000027213      0x361 Core/Src/sensfuncs.o
 .debug_macro   0x0000000000027574       0x52 Core/Src/sensfuncs.o
 .debug_macro   0x00000000000275c6       0x18 Core/Src/sensfuncs.o
 .debug_macro   0x00000000000275de       0x3c Core/Src/sensfuncs.o
 .debug_macro   0x000000000002761a       0x34 Core/Src/sensfuncs.o
 .debug_macro   0x000000000002764e       0x16 Core/Src/sensfuncs.o
 .debug_macro   0x0000000000027664       0x43 Core/Src/sensfuncs.o
 .debug_macro   0x00000000000276a7       0x34 Core/Src/sensfuncs.o
 .debug_macro   0x00000000000276db       0x10 Core/Src/sensfuncs.o
 .debug_macro   0x00000000000276eb       0x58 Core/Src/sensfuncs.o
 .debug_macro   0x0000000000027743       0x71 Core/Src/sensfuncs.o
 .debug_macro   0x00000000000277b4       0x1c Core/Src/sensfuncs.o
 .debug_macro   0x00000000000277d0      0x12a Core/Src/sensfuncs.o
 .debug_macro   0x00000000000278fa      0x333 Core/Src/sensfuncs.o
 .debug_macro   0x0000000000027c2d       0x10 Core/Src/sensfuncs.o
 .debug_macro   0x0000000000027c3d       0x35 Core/Src/sensfuncs.o
 .debug_macro   0x0000000000027c72       0x20 Core/Src/sensfuncs.o
 .debug_macro   0x0000000000027c92      0x251 Core/Src/spi.o
 .debug_macro   0x0000000000027ee3      0x247 Core/Src/stm32l4xx_hal_msp.o
 .debug_macro   0x000000000002812a      0x22a Core/Src/stm32l4xx_hal_timebase_tim.o
 .debug_macro   0x0000000000028354      0x251 Core/Src/stm32l4xx_it.o
 .debug_macro   0x00000000000285a5      0x230 Core/Src/system_stm32l4xx.o
 .debug_macro   0x00000000000287d5      0x251 Core/Src/tim.o
 .debug_macro   0x0000000000028a26      0x283 Core/Src/tstmain.o
 .debug_macro   0x0000000000028ca9      0x251 Core/Src/usart.o
 .debug_macro   0x0000000000028efa      0x278 Drivers/STM32L4xx_HAL_Driver/Src/stm32l4xx_hal.o
 .debug_macro   0x0000000000029172      0x247 Drivers/STM32L4xx_HAL_Driver/Src/stm32l4xx_hal_adc.o
 .debug_macro   0x00000000000293b9      0x236 Drivers/STM32L4xx_HAL_Driver/Src/stm32l4xx_hal_adc_ex.o
 .debug_macro   0x00000000000295ef      0x22a Drivers/STM32L4xx_HAL_Driver/Src/stm32l4xx_hal_cortex.o
 .debug_macro   0x0000000000029819      0x269 Drivers/STM32L4xx_HAL_Driver/Src/stm32l4xx_hal_gpio.o
 .debug_macro   0x0000000000029a82      0x24e Drivers/STM32L4xx_HAL_Driver/Src/stm32l4xx_hal_pwr_ex.o
 .debug_macro   0x0000000000029cd0      0x26c Drivers/STM32L4xx_HAL_Driver/Src/stm32l4xx_hal_rcc.o
 .debug_macro   0x0000000000029f3c      0x260 Drivers/STM32L4xx_HAL_Driver/Src/stm32l4xx_hal_rcc_ex.o
 .debug_macro   0x000000000002a19c      0x22b Drivers/STM32L4xx_HAL_Driver/Src/stm32l4xx_hal_rtc.o
 .debug_macro   0x000000000002a3c7      0x232 Drivers/STM32L4xx_HAL_Driver/Src/stm32l4xx_hal_spi.o
 .debug_macro   0x000000000002a5f9      0x22b Drivers/STM32L4xx_HAL_Driver/Src/stm32l4xx_hal_tim.o
 .debug_macro   0x000000000002a824      0x22a Drivers/STM32L4xx_HAL_Driver/Src/stm32l4xx_hal_tim_ex.o
 .debug_macro   0x000000000002aa4e      0x255 Drivers/STM32L4xx_HAL_Driver/Src/stm32l4xx_hal_uart.o

.debug_line     0x0000000000000000    0x19d68
 .debug_line    0x0000000000000000      0x84f Core/Src/adc.o
 .debug_line    0x000000000000084f      0x7e6 Core/Src/gpio.o
 .debug_line    0x0000000000001035      0x801 Core/Src/rtc.o
 .debug_line    0x0000000000001836      0xa56 Core/Src/sensfuncs.o
 .debug_line    0x000000000000228c      0x83b Core/Src/spi.o
 .debug_line    0x0000000000002ac7      0x7b1 Core/Src/stm32l4xx_hal_msp.o
 .debug_line    0x0000000000003278      0x7fe Core/Src/stm32l4xx_hal_timebase_tim.o
 .debug_line    0x0000000000003a76      0x880 Core/Src/stm32l4xx_it.o
 .debug_line    0x00000000000042f6      0x86a Core/Src/system_stm32l4xx.o
 .debug_line    0x0000000000004b60      0x86c Core/Src/tim.o
 .debug_line    0x00000000000053cc      0x8c1 Core/Src/tstmain.o
 .debug_line    0x0000000000005c8d      0x832 Core/Src/usart.o
 .debug_line    0x00000000000064bf       0x87 Core/Startup/startup_stm32l476rgtx.o
 .debug_line    0x0000000000006546      0xb91 Drivers/STM32L4xx_HAL_Driver/Src/stm32l4xx_hal.o
 .debug_line    0x00000000000070d7     0x1ed3 Drivers/STM32L4xx_HAL_Driver/Src/stm32l4xx_hal_adc.o
 .debug_line    0x0000000000008faa     0x1913 Drivers/STM32L4xx_HAL_Driver/Src/stm32l4xx_hal_adc_ex.o
 .debug_line    0x000000000000a8bd      0xd38 Drivers/STM32L4xx_HAL_Driver/Src/stm32l4xx_hal_cortex.o
 .debug_line    0x000000000000b5f5      0xc0b Drivers/STM32L4xx_HAL_Driver/Src/stm32l4xx_hal_gpio.o
 .debug_line    0x000000000000c200      0xd4d Drivers/STM32L4xx_HAL_Driver/Src/stm32l4xx_hal_pwr_ex.o
 .debug_line    0x000000000000cf4d      0xfd5 Drivers/STM32L4xx_HAL_Driver/Src/stm32l4xx_hal_rcc.o
 .debug_line    0x000000000000df22     0x154a Drivers/STM32L4xx_HAL_Driver/Src/stm32l4xx_hal_rcc_ex.o
 .debug_line    0x000000000000f46c     0x11a5 Drivers/STM32L4xx_HAL_Driver/Src/stm32l4xx_hal_rtc.o
 .debug_line    0x0000000000010611     0x1fba Drivers/STM32L4xx_HAL_Driver/Src/stm32l4xx_hal_spi.o
 .debug_line    0x00000000000125cb     0x3d1b Drivers/STM32L4xx_HAL_Driver/Src/stm32l4xx_hal_tim.o
 .debug_line    0x00000000000162e6     0x1c60 Drivers/STM32L4xx_HAL_Driver/Src/stm32l4xx_hal_tim_ex.o
 .debug_line    0x0000000000017f46     0x1e22 Drivers/STM32L4xx_HAL_Driver/Src/stm32l4xx_hal_uart.o

.debug_str      0x0000000000000000   0x10e5f2
 .debug_str     0x0000000000000000   0x105153 Core/Src/adc.o
                                     0x105717 (size before relaxing)
 .debug_str     0x0000000000105153       0x48 Core/Src/gpio.o
                                     0x105235 (size before relaxing)
 .debug_str     0x000000000010519b      0x27e Core/Src/rtc.o
                                     0x105418 (size before relaxing)
 .debug_str     0x0000000000105419     0x382f Core/Src/sensfuncs.o
                                     0x1090ad (size before relaxing)
 .debug_str     0x0000000000108c48       0x4b Core/Src/spi.o
                                     0x1055fb (size before relaxing)
 .debug_str     0x0000000000108c93       0x2c Core/Src/stm32l4xx_hal_msp.o
                                     0x105193 (size before relaxing)
 .debug_str     0x0000000000108cbf      0x53f Core/Src/stm32l4xx_hal_timebase_tim.o
                                     0x105b17 (size before relaxing)
 .debug_str     0x00000000001091fe       0xd6 Core/Src/stm32l4xx_it.o
                                     0x1055ba (size before relaxing)
 .debug_str     0x00000000001092d4       0xcd Core/Src/system_stm32l4xx.o
                                     0x105115 (size before relaxing)
 .debug_str     0x00000000001093a1      0x180 Core/Src/tim.o
                                     0x105881 (size before relaxing)
 .debug_str     0x0000000000109521      0x3a7 Core/Src/tstmain.o
                                     0x106221 (size before relaxing)
 .debug_str     0x00000000001098c8       0x51 Core/Src/usart.o
                                     0x10561c (size before relaxing)
 .debug_str     0x0000000000109919       0x36 Core/Startup/startup_stm32l476rgtx.o
                                         0xa3 (size before relaxing)
 .debug_str     0x000000000010994f      0x565 Drivers/STM32L4xx_HAL_Driver/Src/stm32l4xx_hal.o
                                     0x105bf9 (size before relaxing)
 .debug_str     0x0000000000109eb4      0x9e3 Drivers/STM32L4xx_HAL_Driver/Src/stm32l4xx_hal_adc.o
                                     0x105e68 (size before relaxing)
 .debug_str     0x000000000010a897      0x705 Drivers/STM32L4xx_HAL_Driver/Src/stm32l4xx_hal_adc_ex.o
                                     0x105e4b (size before relaxing)
 .debug_str     0x000000000010af9c      0x384 Drivers/STM32L4xx_HAL_Driver/Src/stm32l4xx_hal_cortex.o
                                     0x105969 (size before relaxing)
 .debug_str     0x000000000010b320      0x236 Drivers/STM32L4xx_HAL_Driver/Src/stm32l4xx_hal_gpio.o
                                     0x105394 (size before relaxing)
 .debug_str     0x000000000010b556      0x4a4 Drivers/STM32L4xx_HAL_Driver/Src/stm32l4xx_hal_pwr_ex.o
                                     0x105630 (size before relaxing)
 .debug_str     0x000000000010b9fa      0x3ab Drivers/STM32L4xx_HAL_Driver/Src/stm32l4xx_hal_rcc.o
                                     0x1056d7 (size before relaxing)
 .debug_str     0x000000000010bda5      0x3a6 Drivers/STM32L4xx_HAL_Driver/Src/stm32l4xx_hal_rcc_ex.o
                                     0x105868 (size before relaxing)
 .debug_str     0x000000000010c14b      0x321 Drivers/STM32L4xx_HAL_Driver/Src/stm32l4xx_hal_rtc.o
                                     0x105568 (size before relaxing)
 .debug_str     0x000000000010c46c      0x585 Drivers/STM32L4xx_HAL_Driver/Src/stm32l4xx_hal_spi.o
                                     0x1058c8 (size before relaxing)
 .debug_str     0x000000000010c9f1      0xd89 Drivers/STM32L4xx_HAL_Driver/Src/stm32l4xx_hal_tim.o
                                     0x106396 (size before relaxing)
 .debug_str     0x000000000010d77a      0x5ed Drivers/STM32L4xx_HAL_Driver/Src/stm32l4xx_hal_tim_ex.o
                                     0x105c68 (size before relaxing)
 .debug_str     0x000000000010dd67      0x88b Drivers/STM32L4xx_HAL_Driver/Src/stm32l4xx_hal_uart.o
                                     0x105d59 (size before relaxing)

.comment        0x0000000000000000       0x53
 .comment       0x0000000000000000       0x53 Core/Src/adc.o
                                         0x54 (size before relaxing)
 .comment       0x0000000000000053       0x54 Core/Src/gpio.o
 .comment       0x0000000000000053       0x54 Core/Src/rtc.o
 .comment       0x0000000000000053       0x54 Core/Src/sensfuncs.o
 .comment       0x0000000000000053       0x54 Core/Src/spi.o
 .comment       0x0000000000000053       0x54 Core/Src/stm32l4xx_hal_msp.o
 .comment       0x0000000000000053       0x54 Core/Src/stm32l4xx_hal_timebase_tim.o
 .comment       0x0000000000000053       0x54 Core/Src/stm32l4xx_it.o
 .comment       0x0000000000000053       0x54 Core/Src/system_stm32l4xx.o
 .comment       0x0000000000000053       0x54 Core/Src/tim.o
 .comment       0x0000000000000053       0x54 Core/Src/tstmain.o
 .comment       0x0000000000000053       0x54 Core/Src/usart.o
 .comment       0x0000000000000053       0x54 Drivers/STM32L4xx_HAL_Driver/Src/stm32l4xx_hal.o
 .comment       0x0000000000000053       0x54 Drivers/STM32L4xx_HAL_Driver/Src/stm32l4xx_hal_adc.o
 .comment       0x0000000000000053       0x54 Drivers/STM32L4xx_HAL_Driver/Src/stm32l4xx_hal_adc_ex.o
 .comment       0x0000000000000053       0x54 Drivers/STM32L4xx_HAL_Driver/Src/stm32l4xx_hal_cortex.o
 .comment       0x0000000000000053       0x54 Drivers/STM32L4xx_HAL_Driver/Src/stm32l4xx_hal_gpio.o
 .comment       0x0000000000000053       0x54 Drivers/STM32L4xx_HAL_Driver/Src/stm32l4xx_hal_pwr_ex.o
 .comment       0x0000000000000053       0x54 Drivers/STM32L4xx_HAL_Driver/Src/stm32l4xx_hal_rcc.o
 .comment       0x0000000000000053       0x54 Drivers/STM32L4xx_HAL_Driver/Src/stm32l4xx_hal_rcc_ex.o
 .comment       0x0000000000000053       0x54 Drivers/STM32L4xx_HAL_Driver/Src/stm32l4xx_hal_rtc.o
 .comment       0x0000000000000053       0x54 Drivers/STM32L4xx_HAL_Driver/Src/stm32l4xx_hal_spi.o
 .comment       0x0000000000000053       0x54 Drivers/STM32L4xx_HAL_Driver/Src/stm32l4xx_hal_tim.o
 .comment       0x0000000000000053       0x54 Drivers/STM32L4xx_HAL_Driver/Src/stm32l4xx_hal_tim_ex.o
 .comment       0x0000000000000053       0x54 Drivers/STM32L4xx_HAL_Driver/Src/stm32l4xx_hal_uart.o

.debug_frame    0x0000000000000000     0x5c94
 .debug_frame   0x0000000000000000       0x7c Core/Src/adc.o
 .debug_frame   0x000000000000007c       0x34 Core/Src/gpio.o
 .debug_frame   0x00000000000000b0       0x7c Core/Src/rtc.o
 .debug_frame   0x000000000000012c      0x108 Core/Src/sensfuncs.o
 .debug_frame   0x0000000000000234       0x74 Core/Src/spi.o
 .debug_frame   0x00000000000002a8       0x38 Core/Src/stm32l4xx_hal_msp.o
 .debug_frame   0x00000000000002e0       0x74 Core/Src/stm32l4xx_hal_timebase_tim.o
 .debug_frame   0x0000000000000354      0x12c Core/Src/stm32l4xx_it.o
 .debug_frame   0x0000000000000480       0x58 Core/Src/system_stm32l4xx.o
 .debug_frame   0x00000000000004d8       0xa8 Core/Src/tim.o
 .debug_frame   0x0000000000000580       0x98 Core/Src/tstmain.o
 .debug_frame   0x0000000000000618       0x74 Core/Src/usart.o
 .debug_frame   0x000000000000068c      0x498 Drivers/STM32L4xx_HAL_Driver/Src/stm32l4xx_hal.o
 .debug_frame   0x0000000000000b24      0xa04 Drivers/STM32L4xx_HAL_Driver/Src/stm32l4xx_hal_adc.o
 .debug_frame   0x0000000000001528      0x7a4 Drivers/STM32L4xx_HAL_Driver/Src/stm32l4xx_hal_adc_ex.o
 .debug_frame   0x0000000000001ccc      0x498 Drivers/STM32L4xx_HAL_Driver/Src/stm32l4xx_hal_cortex.o
 .debug_frame   0x0000000000002164      0x14c Drivers/STM32L4xx_HAL_Driver/Src/stm32l4xx_hal_gpio.o
 .debug_frame   0x00000000000022b0      0x544 Drivers/STM32L4xx_HAL_Driver/Src/stm32l4xx_hal_pwr_ex.o
 .debug_frame   0x00000000000027f4      0x1f4 Drivers/STM32L4xx_HAL_Driver/Src/stm32l4xx_hal_rcc.o
 .debug_frame   0x00000000000029e8      0x2fc Drivers/STM32L4xx_HAL_Driver/Src/stm32l4xx_hal_rcc_ex.o
 .debug_frame   0x0000000000002ce4      0x3f4 Drivers/STM32L4xx_HAL_Driver/Src/stm32l4xx_hal_rtc.o
 .debug_frame   0x00000000000030d8      0x860 Drivers/STM32L4xx_HAL_Driver/Src/stm32l4xx_hal_spi.o
 .debug_frame   0x0000000000003938     0x121c Drivers/STM32L4xx_HAL_Driver/Src/stm32l4xx_hal_tim.o
 .debug_frame   0x0000000000004b54      0x6b0 Drivers/STM32L4xx_HAL_Driver/Src/stm32l4xx_hal_tim_ex.o
 .debug_frame   0x0000000000005204      0x9e4 Drivers/STM32L4xx_HAL_Driver/Src/stm32l4xx_hal_uart.o
 .debug_frame   0x0000000000005be8       0x2c c:/st/stm32cubeide_1.4.0/stm32cubeide/plugins/com.st.stm32cube.ide.mcu.externaltools.gnu-tools-for-stm32.9-2020-q2-update.win32_1.5.0.202011040924/tools/bin/../lib/gcc/arm-none-eabi/9.3.1/../../../../arm-none-eabi/lib/thumb/v7e-m+fp/hard\libc_nano.a(lib_a-init.o)
 .debug_frame   0x0000000000005c14       0x20 c:/st/stm32cubeide_1.4.0/stm32cubeide/plugins/com.st.stm32cube.ide.mcu.externaltools.gnu-tools-for-stm32.9-2020-q2-update.win32_1.5.0.202011040924/tools/bin/../lib/gcc/arm-none-eabi/9.3.1/../../../../arm-none-eabi/lib/thumb/v7e-m+fp/hard\libc_nano.a(lib_a-memset.o)
 .debug_frame   0x0000000000005c34       0x2c c:/st/stm32cubeide_1.4.0/stm32cubeide/plugins/com.st.stm32cube.ide.mcu.externaltools.gnu-tools-for-stm32.9-2020-q2-update.win32_1.5.0.202011040924/tools/bin/../lib/gcc/arm-none-eabi/9.3.1/thumb/v7e-m+fp/hard\libgcc.a(_aeabi_uldivmod.o)
 .debug_frame   0x0000000000005c60       0x34 c:/st/stm32cubeide_1.4.0/stm32cubeide/plugins/com.st.stm32cube.ide.mcu.externaltools.gnu-tools-for-stm32.9-2020-q2-update.win32_1.5.0.202011040924/tools/bin/../lib/gcc/arm-none-eabi/9.3.1/thumb/v7e-m+fp/hard\libgcc.a(_udivmoddi4.o)
