18:03:38 **** Incremental Build of configuration Debug for project BudgetDisplay ****
make -j8 all 
arm-none-eabi-gcc "../Core/Src/tstmain.c" -mcpu=cortex-m4 -std=gnu11 -g3 -DUSE_HAL_DRIVER -DSTM32L476xx -DDEBUG -c -I../Core/Inc -I../Drivers/STM32L4xx_HAL_Driver/Inc -I../Drivers/STM32L4xx_HAL_Driver/Inc/Legacy -I../Drivers/CMSIS/Device/ST/STM32L4xx/Include -I../Drivers/CMSIS/Include -I../Middlewares/Third_Party/FreeRTOS/Source/include -I../Middlewares/Third_Party/FreeRTOS/Source/portable/GCC/ARM_CM4F -I../Middlewares/Third_Party/FreeRTOS/Source/CMSIS_RTOS_V2 -O0 -ffunction-sections -fdata-sections -Wall -fstack-usage -MMD -MP -MF"Core/Src/tstmain.d" -MT"Core/Src/tstmain.o" --specs=nano.specs -mfpu=fpv4-sp-d16 -mfloat-abi=hard -mthumb -o "Core/Src/tstmain.o"
arm-none-eabi-gcc -o "BudgetDisplay.elf" @"objects.list"   -mcpu=cortex-m4 -T"C:\Users\Oliver\Documents\Studier\ProjektMetoder_II1302\DoorDisplay\Hardware\Nucleo_proj\BudgetDisplay\STM32L476RGTX_FLASH.ld" --specs=nosys.specs -Wl,-Map="BudgetDisplay.map" -Wl,--gc-sections -static --specs=nano.specs -mfpu=fpv4-sp-d16 -mfloat-abi=hard -mthumb -Wl,--start-group -lc -lm -Wl,--end-group
Finished building target: BudgetDisplay.elf
 
arm-none-eabi-objdump -h -S  BudgetDisplay.elf  > "BudgetDisplay.list"
arm-none-eabi-objcopy  -O binary  BudgetDisplay.elf  "BudgetDisplay.bin"
arm-none-eabi-size   BudgetDisplay.elf 
   text	   data	    bss	    dec	    hex	filename
  26320	    104	   2096	  28520	   6f68	BudgetDisplay.elf
Finished building: default.size.stdout
 
Finished building: BudgetDisplay.bin
 
Finished building: BudgetDisplay.list
 
18:03:43 **** Incremental Build of configuration Debug for project BudgetDisplay ****
make -j8 all 
arm-none-eabi-size   BudgetDisplay.elf 
   text	   data	    bss	    dec	    hex	filename
  26320	    104	   2096	  28520	   6f68	BudgetDisplay.elf
Finished building: default.size.stdout
 
18:09:01 **** Incremental Build of configuration Debug for project BudgetDisplay ****
make -j8 all 
arm-none-eabi-gcc "../Core/Src/sensfuncs.c" -mcpu=cortex-m4 -std=gnu11 -g3 -DUSE_HAL_DRIVER -DSTM32L476xx -DDEBUG -c -I../Core/Inc -I../Drivers/STM32L4xx_HAL_Driver/Inc -I../Drivers/STM32L4xx_HAL_Driver/Inc/Legacy -I../Drivers/CMSIS/Device/ST/STM32L4xx/Include -I../Drivers/CMSIS/Include -I../Middlewares/Third_Party/FreeRTOS/Source/include -I../Middlewares/Third_Party/FreeRTOS/Source/portable/GCC/ARM_CM4F -I../Middlewares/Third_Party/FreeRTOS/Source/CMSIS_RTOS_V2 -O0 -ffunction-sections -fdata-sections -Wall -fstack-usage -MMD -MP -MF"Core/Src/sensfuncs.d" -MT"Core/Src/sensfuncs.o" --specs=nano.specs -mfpu=fpv4-sp-d16 -mfloat-abi=hard -mthumb -o "Core/Src/sensfuncs.o"
arm-none-eabi-gcc -o "BudgetDisplay.elf" @"objects.list"   -mcpu=cortex-m4 -T"C:\Users\Oliver\Documents\Studier\ProjektMetoder_II1302\DoorDisplay\Hardware\Nucleo_proj\BudgetDisplay\STM32L476RGTX_FLASH.ld" --specs=nosys.specs -Wl,-Map="BudgetDisplay.map" -Wl,--gc-sections -static --specs=nano.specs -mfpu=fpv4-sp-d16 -mfloat-abi=hard -mthumb -Wl,--start-group -lc -lm -Wl,--end-group
Finished building target: BudgetDisplay.elf
 
arm-none-eabi-objdump -h -S  BudgetDisplay.elf  > "BudgetDisplay.list"
arm-none-eabi-objcopy  -O binary  BudgetDisplay.elf  "BudgetDisplay.bin"
arm-none-eabi-size   BudgetDisplay.elf 
   text	   data	    bss	    dec	    hex	filename
  26320	    104	   2096	  28520	   6f68	BudgetDisplay.elf
Finished building: default.size.stdout
 
Finished building: BudgetDisplay.bin
 
Finished building: BudgetDisplay.list
 
18:09:29 **** Incremental Build of configuration Debug for project BudgetDisplay ****
make -j8 all 
arm-none-eabi-size   BudgetDisplay.elf 
   text	   data	    bss	    dec	    hex	filename
  26320	    104	   2096	  28520	   6f68	BudgetDisplay.elf
Finished building: default.size.stdout
 
