10:40:47 **** Build of configuration Debug for project X-NUCLEO-GFX01M1 ****
make -j8 all 
arm-none-eabi-gcc "C:/Users/Oliver/Documents/en.X-CUBE-DISPLAY_1_0_0/Projects/NUCLEO-G071RB/Applications/GFX01M1_HelloWorld/Drivers/STM32G0xx_HAL_Driver/Src/stm32g0xx_hal.c" -mcpu=cortex-m0plus -std=gnu11 -g3 -DSTM32G071xx -DUSE_HAL_DRIVER -DDEBUG -c -I../../DISPLAY/App -I../../DISPLAY/Target/. -I../../Core/Inc -I../../Drivers/STM32G0xx_HAL_Driver/Inc -I../../Drivers/STM32G0xx_HAL_Driver/Inc/Legacy -I../../Drivers/CMSIS/Device/ST/STM32G0xx/Include -I../../Drivers/CMSIS/Include -I../../Drivers/BSP/Components/Common/ -I../../Drivers/BSP/Components/Common -I../../Drivers/BSP/Components/ili9341 -Os -ffunction-sections -fdata-sections -Wall -fstack-usage -MMD -MP -MF"Drivers/STM32G0xx_HAL_Driver/stm32g0xx_hal.d" -MT"Drivers/STM32G0xx_HAL_Driver/stm32g0xx_hal.o" --specs=nano.specs -mfloat-abi=soft -mthumb -o "Drivers/STM32G0xx_HAL_Driver/stm32g0xx_hal.o"
arm-none-eabi-gcc "C:/Users/Oliver/Documents/en.X-CUBE-DISPLAY_1_0_0/Projects/NUCLEO-G071RB/Applications/GFX01M1_HelloWorld/Drivers/STM32G0xx_HAL_Driver/Src/stm32g0xx_hal_cortex.c" -mcpu=cortex-m0plus -std=gnu11 -g3 -DSTM32G071xx -DUSE_HAL_DRIVER -DDEBUG -c -I../../DISPLAY/App -I../../DISPLAY/Target/. -I../../Core/Inc -I../../Drivers/STM32G0xx_HAL_Driver/Inc -I../../Drivers/STM32G0xx_HAL_Driver/Inc/Legacy -I../../Drivers/CMSIS/Device/ST/STM32G0xx/Include -I../../Drivers/CMSIS/Include -I../../Drivers/BSP/Components/Common/ -I../../Drivers/BSP/Components/Common -I../../Drivers/BSP/Components/ili9341 -Os -ffunction-sections -fdata-sections -Wall -fstack-usage -MMD -MP -MF"Drivers/STM32G0xx_HAL_Driver/stm32g0xx_hal_cortex.d" -MT"Drivers/STM32G0xx_HAL_Driver/stm32g0xx_hal_cortex.o" --specs=nano.specs -mfloat-abi=soft -mthumb -o "Drivers/STM32G0xx_HAL_Driver/stm32g0xx_hal_cortex.o"
arm-none-eabi-gcc "C:/Users/Oliver/Documents/en.X-CUBE-DISPLAY_1_0_0/Projects/NUCLEO-G071RB/Applications/GFX01M1_HelloWorld/Drivers/STM32G0xx_HAL_Driver/Src/stm32g0xx_hal_crc.c" -mcpu=cortex-m0plus -std=gnu11 -g3 -DSTM32G071xx -DUSE_HAL_DRIVER -DDEBUG -c -I../../DISPLAY/App -I../../DISPLAY/Target/. -I../../Core/Inc -I../../Drivers/STM32G0xx_HAL_Driver/Inc -I../../Drivers/STM32G0xx_HAL_Driver/Inc/Legacy -I../../Drivers/CMSIS/Device/ST/STM32G0xx/Include -I../../Drivers/CMSIS/Include -I../../Drivers/BSP/Components/Common/ -I../../Drivers/BSP/Components/Common -I../../Drivers/BSP/Components/ili9341 -Os -ffunction-sections -fdata-sections -Wall -fstack-usage -MMD -MP -MF"Drivers/STM32G0xx_HAL_Driver/stm32g0xx_hal_crc.d" -MT"Drivers/STM32G0xx_HAL_Driver/stm32g0xx_hal_crc.o" --specs=nano.specs -mfloat-abi=soft -mthumb -o "Drivers/STM32G0xx_HAL_Driver/stm32g0xx_hal_crc.o"
arm-none-eabi-gcc "C:/Users/Oliver/Documents/en.X-CUBE-DISPLAY_1_0_0/Projects/NUCLEO-G071RB/Applications/GFX01M1_HelloWorld/Drivers/STM32G0xx_HAL_Driver/Src/stm32g0xx_hal_crc_ex.c" -mcpu=cortex-m0plus -std=gnu11 -g3 -DSTM32G071xx -DUSE_HAL_DRIVER -DDEBUG -c -I../../DISPLAY/App -I../../DISPLAY/Target/. -I../../Core/Inc -I../../Drivers/STM32G0xx_HAL_Driver/Inc -I../../Drivers/STM32G0xx_HAL_Driver/Inc/Legacy -I../../Drivers/CMSIS/Device/ST/STM32G0xx/Include -I../../Drivers/CMSIS/Include -I../../Drivers/BSP/Components/Common/ -I../../Drivers/BSP/Components/Common -I../../Drivers/BSP/Components/ili9341 -Os -ffunction-sections -fdata-sections -Wall -fstack-usage -MMD -MP -MF"Drivers/STM32G0xx_HAL_Driver/stm32g0xx_hal_crc_ex.d" -MT"Drivers/STM32G0xx_HAL_Driver/stm32g0xx_hal_crc_ex.o" --specs=nano.specs -mfloat-abi=soft -mthumb -o "Drivers/STM32G0xx_HAL_Driver/stm32g0xx_hal_crc_ex.o"
arm-none-eabi-gcc "C:/Users/Oliver/Documents/en.X-CUBE-DISPLAY_1_0_0/Projects/NUCLEO-G071RB/Applications/GFX01M1_HelloWorld/Drivers/STM32G0xx_HAL_Driver/Src/stm32g0xx_hal_dma.c" -mcpu=cortex-m0plus -std=gnu11 -g3 -DSTM32G071xx -DUSE_HAL_DRIVER -DDEBUG -c -I../../DISPLAY/App -I../../DISPLAY/Target/. -I../../Core/Inc -I../../Drivers/STM32G0xx_HAL_Driver/Inc -I../../Drivers/STM32G0xx_HAL_Driver/Inc/Legacy -I../../Drivers/CMSIS/Device/ST/STM32G0xx/Include -I../../Drivers/CMSIS/Include -I../../Drivers/BSP/Components/Common/ -I../../Drivers/BSP/Components/Common -I../../Drivers/BSP/Components/ili9341 -Os -ffunction-sections -fdata-sections -Wall -fstack-usage -MMD -MP -MF"Drivers/STM32G0xx_HAL_Driver/stm32g0xx_hal_dma.d" -MT"Drivers/STM32G0xx_HAL_Driver/stm32g0xx_hal_dma.o" --specs=nano.specs -mfloat-abi=soft -mthumb -o "Drivers/STM32G0xx_HAL_Driver/stm32g0xx_hal_dma.o"
arm-none-eabi-gcc "C:/Users/Oliver/Documents/en.X-CUBE-DISPLAY_1_0_0/Projects/NUCLEO-G071RB/Applications/GFX01M1_HelloWorld/Drivers/STM32G0xx_HAL_Driver/Src/stm32g0xx_hal_dma_ex.c" -mcpu=cortex-m0plus -std=gnu11 -g3 -DSTM32G071xx -DUSE_HAL_DRIVER -DDEBUG -c -I../../DISPLAY/App -I../../DISPLAY/Target/. -I../../Core/Inc -I../../Drivers/STM32G0xx_HAL_Driver/Inc -I../../Drivers/STM32G0xx_HAL_Driver/Inc/Legacy -I../../Drivers/CMSIS/Device/ST/STM32G0xx/Include -I../../Drivers/CMSIS/Include -I../../Drivers/BSP/Components/Common/ -I../../Drivers/BSP/Components/Common -I../../Drivers/BSP/Components/ili9341 -Os -ffunction-sections -fdata-sections -Wall -fstack-usage -MMD -MP -MF"Drivers/STM32G0xx_HAL_Driver/stm32g0xx_hal_dma_ex.d" -MT"Drivers/STM32G0xx_HAL_Driver/stm32g0xx_hal_dma_ex.o" --specs=nano.specs -mfloat-abi=soft -mthumb -o "Drivers/STM32G0xx_HAL_Driver/stm32g0xx_hal_dma_ex.o"
arm-none-eabi-gcc "C:/Users/Oliver/Documents/en.X-CUBE-DISPLAY_1_0_0/Projects/NUCLEO-G071RB/Applications/GFX01M1_HelloWorld/Drivers/STM32G0xx_HAL_Driver/Src/stm32g0xx_hal_exti.c" -mcpu=cortex-m0plus -std=gnu11 -g3 -DSTM32G071xx -DUSE_HAL_DRIVER -DDEBUG -c -I../../DISPLAY/App -I../../DISPLAY/Target/. -I../../Core/Inc -I../../Drivers/STM32G0xx_HAL_Driver/Inc -I../../Drivers/STM32G0xx_HAL_Driver/Inc/Legacy -I../../Drivers/CMSIS/Device/ST/STM32G0xx/Include -I../../Drivers/CMSIS/Include -I../../Drivers/BSP/Components/Common/ -I../../Drivers/BSP/Components/Common -I../../Drivers/BSP/Components/ili9341 -Os -ffunction-sections -fdata-sections -Wall -fstack-usage -MMD -MP -MF"Drivers/STM32G0xx_HAL_Driver/stm32g0xx_hal_exti.d" -MT"Drivers/STM32G0xx_HAL_Driver/stm32g0xx_hal_exti.o" --specs=nano.specs -mfloat-abi=soft -mthumb -o "Drivers/STM32G0xx_HAL_Driver/stm32g0xx_hal_exti.o"
arm-none-eabi-gcc "C:/Users/Oliver/Documents/en.X-CUBE-DISPLAY_1_0_0/Projects/NUCLEO-G071RB/Applications/GFX01M1_HelloWorld/Drivers/STM32G0xx_HAL_Driver/Src/stm32g0xx_hal_flash.c" -mcpu=cortex-m0plus -std=gnu11 -g3 -DSTM32G071xx -DUSE_HAL_DRIVER -DDEBUG -c -I../../DISPLAY/App -I../../DISPLAY/Target/. -I../../Core/Inc -I../../Drivers/STM32G0xx_HAL_Driver/Inc -I../../Drivers/STM32G0xx_HAL_Driver/Inc/Legacy -I../../Drivers/CMSIS/Device/ST/STM32G0xx/Include -I../../Drivers/CMSIS/Include -I../../Drivers/BSP/Components/Common/ -I../../Drivers/BSP/Components/Common -I../../Drivers/BSP/Components/ili9341 -Os -ffunction-sections -fdata-sections -Wall -fstack-usage -MMD -MP -MF"Drivers/STM32G0xx_HAL_Driver/stm32g0xx_hal_flash.d" -MT"Drivers/STM32G0xx_HAL_Driver/stm32g0xx_hal_flash.o" --specs=nano.specs -mfloat-abi=soft -mthumb -o "Drivers/STM32G0xx_HAL_Driver/stm32g0xx_hal_flash.o"
arm-none-eabi-gcc "C:/Users/Oliver/Documents/en.X-CUBE-DISPLAY_1_0_0/Projects/NUCLEO-G071RB/Applications/GFX01M1_HelloWorld/Drivers/STM32G0xx_HAL_Driver/Src/stm32g0xx_hal_flash_ex.c" -mcpu=cortex-m0plus -std=gnu11 -g3 -DSTM32G071xx -DUSE_HAL_DRIVER -DDEBUG -c -I../../DISPLAY/App -I../../DISPLAY/Target/. -I../../Core/Inc -I../../Drivers/STM32G0xx_HAL_Driver/Inc -I../../Drivers/STM32G0xx_HAL_Driver/Inc/Legacy -I../../Drivers/CMSIS/Device/ST/STM32G0xx/Include -I../../Drivers/CMSIS/Include -I../../Drivers/BSP/Components/Common/ -I../../Drivers/BSP/Components/Common -I../../Drivers/BSP/Components/ili9341 -Os -ffunction-sections -fdata-sections -Wall -fstack-usage -MMD -MP -MF"Drivers/STM32G0xx_HAL_Driver/stm32g0xx_hal_flash_ex.d" -MT"Drivers/STM32G0xx_HAL_Driver/stm32g0xx_hal_flash_ex.o" --specs=nano.specs -mfloat-abi=soft -mthumb -o "Drivers/STM32G0xx_HAL_Driver/stm32g0xx_hal_flash_ex.o"
arm-none-eabi-gcc "C:/Users/Oliver/Documents/en.X-CUBE-DISPLAY_1_0_0/Projects/NUCLEO-G071RB/Applications/GFX01M1_HelloWorld/Drivers/STM32G0xx_HAL_Driver/Src/stm32g0xx_hal_gpio.c" -mcpu=cortex-m0plus -std=gnu11 -g3 -DSTM32G071xx -DUSE_HAL_DRIVER -DDEBUG -c -I../../DISPLAY/App -I../../DISPLAY/Target/. -I../../Core/Inc -I../../Drivers/STM32G0xx_HAL_Driver/Inc -I../../Drivers/STM32G0xx_HAL_Driver/Inc/Legacy -I../../Drivers/CMSIS/Device/ST/STM32G0xx/Include -I../../Drivers/CMSIS/Include -I../../Drivers/BSP/Components/Common/ -I../../Drivers/BSP/Components/Common -I../../Drivers/BSP/Components/ili9341 -Os -ffunction-sections -fdata-sections -Wall -fstack-usage -MMD -MP -MF"Drivers/STM32G0xx_HAL_Driver/stm32g0xx_hal_gpio.d" -MT"Drivers/STM32G0xx_HAL_Driver/stm32g0xx_hal_gpio.o" --specs=nano.specs -mfloat-abi=soft -mthumb -o "Drivers/STM32G0xx_HAL_Driver/stm32g0xx_hal_gpio.o"
arm-none-eabi-gcc "C:/Users/Oliver/Documents/en.X-CUBE-DISPLAY_1_0_0/Projects/NUCLEO-G071RB/Applications/GFX01M1_HelloWorld/Drivers/STM32G0xx_HAL_Driver/Src/stm32g0xx_hal_pwr.c" -mcpu=cortex-m0plus -std=gnu11 -g3 -DSTM32G071xx -DUSE_HAL_DRIVER -DDEBUG -c -I../../DISPLAY/App -I../../DISPLAY/Target/. -I../../Core/Inc -I../../Drivers/STM32G0xx_HAL_Driver/Inc -I../../Drivers/STM32G0xx_HAL_Driver/Inc/Legacy -I../../Drivers/CMSIS/Device/ST/STM32G0xx/Include -I../../Drivers/CMSIS/Include -I../../Drivers/BSP/Components/Common/ -I../../Drivers/BSP/Components/Common -I../../Drivers/BSP/Components/ili9341 -Os -ffunction-sections -fdata-sections -Wall -fstack-usage -MMD -MP -MF"Drivers/STM32G0xx_HAL_Driver/stm32g0xx_hal_pwr.d" -MT"Drivers/STM32G0xx_HAL_Driver/stm32g0xx_hal_pwr.o" --specs=nano.specs -mfloat-abi=soft -mthumb -o "Drivers/STM32G0xx_HAL_Driver/stm32g0xx_hal_pwr.o"
arm-none-eabi-gcc "C:/Users/Oliver/Documents/en.X-CUBE-DISPLAY_1_0_0/Projects/NUCLEO-G071RB/Applications/GFX01M1_HelloWorld/Drivers/STM32G0xx_HAL_Driver/Src/stm32g0xx_hal_pwr_ex.c" -mcpu=cortex-m0plus -std=gnu11 -g3 -DSTM32G071xx -DUSE_HAL_DRIVER -DDEBUG -c -I../../DISPLAY/App -I../../DISPLAY/Target/. -I../../Core/Inc -I../../Drivers/STM32G0xx_HAL_Driver/Inc -I../../Drivers/STM32G0xx_HAL_Driver/Inc/Legacy -I../../Drivers/CMSIS/Device/ST/STM32G0xx/Include -I../../Drivers/CMSIS/Include -I../../Drivers/BSP/Components/Common/ -I../../Drivers/BSP/Components/Common -I../../Drivers/BSP/Components/ili9341 -Os -ffunction-sections -fdata-sections -Wall -fstack-usage -MMD -MP -MF"Drivers/STM32G0xx_HAL_Driver/stm32g0xx_hal_pwr_ex.d" -MT"Drivers/STM32G0xx_HAL_Driver/stm32g0xx_hal_pwr_ex.o" --specs=nano.specs -mfloat-abi=soft -mthumb -o "Drivers/STM32G0xx_HAL_Driver/stm32g0xx_hal_pwr_ex.o"
arm-none-eabi-gcc "C:/Users/Oliver/Documents/en.X-CUBE-DISPLAY_1_0_0/Projects/NUCLEO-G071RB/Applications/GFX01M1_HelloWorld/Drivers/STM32G0xx_HAL_Driver/Src/stm32g0xx_hal_rcc.c" -mcpu=cortex-m0plus -std=gnu11 -g3 -DSTM32G071xx -DUSE_HAL_DRIVER -DDEBUG -c -I../../DISPLAY/App -I../../DISPLAY/Target/. -I../../Core/Inc -I../../Drivers/STM32G0xx_HAL_Driver/Inc -I../../Drivers/STM32G0xx_HAL_Driver/Inc/Legacy -I../../Drivers/CMSIS/Device/ST/STM32G0xx/Include -I../../Drivers/CMSIS/Include -I../../Drivers/BSP/Components/Common/ -I../../Drivers/BSP/Components/Common -I../../Drivers/BSP/Components/ili9341 -Os -ffunction-sections -fdata-sections -Wall -fstack-usage -MMD -MP -MF"Drivers/STM32G0xx_HAL_Driver/stm32g0xx_hal_rcc.d" -MT"Drivers/STM32G0xx_HAL_Driver/stm32g0xx_hal_rcc.o" --specs=nano.specs -mfloat-abi=soft -mthumb -o "Drivers/STM32G0xx_HAL_Driver/stm32g0xx_hal_rcc.o"
arm-none-eabi-gcc "C:/Users/Oliver/Documents/en.X-CUBE-DISPLAY_1_0_0/Projects/NUCLEO-G071RB/Applications/GFX01M1_HelloWorld/Drivers/STM32G0xx_HAL_Driver/Src/stm32g0xx_hal_rcc_ex.c" -mcpu=cortex-m0plus -std=gnu11 -g3 -DSTM32G071xx -DUSE_HAL_DRIVER -DDEBUG -c -I../../DISPLAY/App -I../../DISPLAY/Target/. -I../../Core/Inc -I../../Drivers/STM32G0xx_HAL_Driver/Inc -I../../Drivers/STM32G0xx_HAL_Driver/Inc/Legacy -I../../Drivers/CMSIS/Device/ST/STM32G0xx/Include -I../../Drivers/CMSIS/Include -I../../Drivers/BSP/Components/Common/ -I../../Drivers/BSP/Components/Common -I../../Drivers/BSP/Components/ili9341 -Os -ffunction-sections -fdata-sections -Wall -fstack-usage -MMD -MP -MF"Drivers/STM32G0xx_HAL_Driver/stm32g0xx_hal_rcc_ex.d" -MT"Drivers/STM32G0xx_HAL_Driver/stm32g0xx_hal_rcc_ex.o" --specs=nano.specs -mfloat-abi=soft -mthumb -o "Drivers/STM32G0xx_HAL_Driver/stm32g0xx_hal_rcc_ex.o"
arm-none-eabi-gcc "C:/Users/Oliver/Documents/en.X-CUBE-DISPLAY_1_0_0/Projects/NUCLEO-G071RB/Applications/GFX01M1_HelloWorld/Drivers/STM32G0xx_HAL_Driver/Src/stm32g0xx_hal_spi.c" -mcpu=cortex-m0plus -std=gnu11 -g3 -DSTM32G071xx -DUSE_HAL_DRIVER -DDEBUG -c -I../../DISPLAY/App -I../../DISPLAY/Target/. -I../../Core/Inc -I../../Drivers/STM32G0xx_HAL_Driver/Inc -I../../Drivers/STM32G0xx_HAL_Driver/Inc/Legacy -I../../Drivers/CMSIS/Device/ST/STM32G0xx/Include -I../../Drivers/CMSIS/Include -I../../Drivers/BSP/Components/Common/ -I../../Drivers/BSP/Components/Common -I../../Drivers/BSP/Components/ili9341 -Os -ffunction-sections -fdata-sections -Wall -fstack-usage -MMD -MP -MF"Drivers/STM32G0xx_HAL_Driver/stm32g0xx_hal_spi.d" -MT"Drivers/STM32G0xx_HAL_Driver/stm32g0xx_hal_spi.o" --specs=nano.specs -mfloat-abi=soft -mthumb -o "Drivers/STM32G0xx_HAL_Driver/stm32g0xx_hal_spi.o"
arm-none-eabi-gcc "C:/Users/Oliver/Documents/en.X-CUBE-DISPLAY_1_0_0/Projects/NUCLEO-G071RB/Applications/GFX01M1_HelloWorld/Drivers/STM32G0xx_HAL_Driver/Src/stm32g0xx_hal_spi_ex.c" -mcpu=cortex-m0plus -std=gnu11 -g3 -DSTM32G071xx -DUSE_HAL_DRIVER -DDEBUG -c -I../../DISPLAY/App -I../../DISPLAY/Target/. -I../../Core/Inc -I../../Drivers/STM32G0xx_HAL_Driver/Inc -I../../Drivers/STM32G0xx_HAL_Driver/Inc/Legacy -I../../Drivers/CMSIS/Device/ST/STM32G0xx/Include -I../../Drivers/CMSIS/Include -I../../Drivers/BSP/Components/Common/ -I../../Drivers/BSP/Components/Common -I../../Drivers/BSP/Components/ili9341 -Os -ffunction-sections -fdata-sections -Wall -fstack-usage -MMD -MP -MF"Drivers/STM32G0xx_HAL_Driver/stm32g0xx_hal_spi_ex.d" -MT"Drivers/STM32G0xx_HAL_Driver/stm32g0xx_hal_spi_ex.o" --specs=nano.specs -mfloat-abi=soft -mthumb -o "Drivers/STM32G0xx_HAL_Driver/stm32g0xx_hal_spi_ex.o"
arm-none-eabi-gcc "C:/Users/Oliver/Documents/en.X-CUBE-DISPLAY_1_0_0/Projects/NUCLEO-G071RB/Applications/GFX01M1_HelloWorld/Drivers/STM32G0xx_HAL_Driver/Src/stm32g0xx_hal_tim.c" -mcpu=cortex-m0plus -std=gnu11 -g3 -DSTM32G071xx -DUSE_HAL_DRIVER -DDEBUG -c -I../../DISPLAY/App -I../../DISPLAY/Target/. -I../../Core/Inc -I../../Drivers/STM32G0xx_HAL_Driver/Inc -I../../Drivers/STM32G0xx_HAL_Driver/Inc/Legacy -I../../Drivers/CMSIS/Device/ST/STM32G0xx/Include -I../../Drivers/CMSIS/Include -I../../Drivers/BSP/Components/Common/ -I../../Drivers/BSP/Components/Common -I../../Drivers/BSP/Components/ili9341 -Os -ffunction-sections -fdata-sections -Wall -fstack-usage -MMD -MP -MF"Drivers/STM32G0xx_HAL_Driver/stm32g0xx_hal_tim.d" -MT"Drivers/STM32G0xx_HAL_Driver/stm32g0xx_hal_tim.o" --specs=nano.specs -mfloat-abi=soft -mthumb -o "Drivers/STM32G0xx_HAL_Driver/stm32g0xx_hal_tim.o"
arm-none-eabi-gcc "C:/Users/Oliver/Documents/en.X-CUBE-DISPLAY_1_0_0/Projects/NUCLEO-G071RB/Applications/GFX01M1_HelloWorld/Drivers/STM32G0xx_HAL_Driver/Src/stm32g0xx_hal_tim_ex.c" -mcpu=cortex-m0plus -std=gnu11 -g3 -DSTM32G071xx -DUSE_HAL_DRIVER -DDEBUG -c -I../../DISPLAY/App -I../../DISPLAY/Target/. -I../../Core/Inc -I../../Drivers/STM32G0xx_HAL_Driver/Inc -I../../Drivers/STM32G0xx_HAL_Driver/Inc/Legacy -I../../Drivers/CMSIS/Device/ST/STM32G0xx/Include -I../../Drivers/CMSIS/Include -I../../Drivers/BSP/Components/Common/ -I../../Drivers/BSP/Components/Common -I../../Drivers/BSP/Components/ili9341 -Os -ffunction-sections -fdata-sections -Wall -fstack-usage -MMD -MP -MF"Drivers/STM32G0xx_HAL_Driver/stm32g0xx_hal_tim_ex.d" -MT"Drivers/STM32G0xx_HAL_Driver/stm32g0xx_hal_tim_ex.o" --specs=nano.specs -mfloat-abi=soft -mthumb -o "Drivers/STM32G0xx_HAL_Driver/stm32g0xx_hal_tim_ex.o"
arm-none-eabi-gcc "C:/Users/Oliver/Documents/en.X-CUBE-DISPLAY_1_0_0/Projects/NUCLEO-G071RB/Applications/GFX01M1_HelloWorld/Drivers/STM32G0xx_HAL_Driver/Src/stm32g0xx_hal_uart.c" -mcpu=cortex-m0plus -std=gnu11 -g3 -DSTM32G071xx -DUSE_HAL_DRIVER -DDEBUG -c -I../../DISPLAY/App -I../../DISPLAY/Target/. -I../../Core/Inc -I../../Drivers/STM32G0xx_HAL_Driver/Inc -I../../Drivers/STM32G0xx_HAL_Driver/Inc/Legacy -I../../Drivers/CMSIS/Device/ST/STM32G0xx/Include -I../../Drivers/CMSIS/Include -I../../Drivers/BSP/Components/Common/ -I../../Drivers/BSP/Components/Common -I../../Drivers/BSP/Components/ili9341 -Os -ffunction-sections -fdata-sections -Wall -fstack-usage -MMD -MP -MF"Drivers/STM32G0xx_HAL_Driver/stm32g0xx_hal_uart.d" -MT"Drivers/STM32G0xx_HAL_Driver/stm32g0xx_hal_uart.o" --specs=nano.specs -mfloat-abi=soft -mthumb -o "Drivers/STM32G0xx_HAL_Driver/stm32g0xx_hal_uart.o"
arm-none-eabi-gcc "C:/Users/Oliver/Documents/en.X-CUBE-DISPLAY_1_0_0/Projects/NUCLEO-G071RB/Applications/GFX01M1_HelloWorld/Drivers/STM32G0xx_HAL_Driver/Src/stm32g0xx_hal_uart_ex.c" -mcpu=cortex-m0plus -std=gnu11 -g3 -DSTM32G071xx -DUSE_HAL_DRIVER -DDEBUG -c -I../../DISPLAY/App -I../../DISPLAY/Target/. -I../../Core/Inc -I../../Drivers/STM32G0xx_HAL_Driver/Inc -I../../Drivers/STM32G0xx_HAL_Driver/Inc/Legacy -I../../Drivers/CMSIS/Device/ST/STM32G0xx/Include -I../../Drivers/CMSIS/Include -I../../Drivers/BSP/Components/Common/ -I../../Drivers/BSP/Components/Common -I../../Drivers/BSP/Components/ili9341 -Os -ffunction-sections -fdata-sections -Wall -fstack-usage -MMD -MP -MF"Drivers/STM32G0xx_HAL_Driver/stm32g0xx_hal_uart_ex.d" -MT"Drivers/STM32G0xx_HAL_Driver/stm32g0xx_hal_uart_ex.o" --specs=nano.specs -mfloat-abi=soft -mthumb -o "Drivers/STM32G0xx_HAL_Driver/stm32g0xx_hal_uart_ex.o"
arm-none-eabi-gcc "C:/Users/Oliver/Documents/en.X-CUBE-DISPLAY_1_0_0/Projects/NUCLEO-G071RB/Applications/GFX01M1_HelloWorld/Drivers/STM32G0xx_HAL_Driver/Src/stm32g0xx_ll_dma.c" -mcpu=cortex-m0plus -std=gnu11 -g3 -DSTM32G071xx -DUSE_HAL_DRIVER -DDEBUG -c -I../../DISPLAY/App -I../../DISPLAY/Target/. -I../../Core/Inc -I../../Drivers/STM32G0xx_HAL_Driver/Inc -I../../Drivers/STM32G0xx_HAL_Driver/Inc/Legacy -I../../Drivers/CMSIS/Device/ST/STM32G0xx/Include -I../../Drivers/CMSIS/Include -I../../Drivers/BSP/Components/Common/ -I../../Drivers/BSP/Components/Common -I../../Drivers/BSP/Components/ili9341 -Os -ffunction-sections -fdata-sections -Wall -fstack-usage -MMD -MP -MF"Drivers/STM32G0xx_HAL_Driver/stm32g0xx_ll_dma.d" -MT"Drivers/STM32G0xx_HAL_Driver/stm32g0xx_ll_dma.o" --specs=nano.specs -mfloat-abi=soft -mthumb -o "Drivers/STM32G0xx_HAL_Driver/stm32g0xx_ll_dma.o"
arm-none-eabi-gcc "C:/Users/Oliver/Documents/en.X-CUBE-DISPLAY_1_0_0/Projects/NUCLEO-G071RB/Applications/GFX01M1_HelloWorld/Drivers/STM32G0xx_HAL_Driver/Src/stm32g0xx_ll_rcc.c" -mcpu=cortex-m0plus -std=gnu11 -g3 -DSTM32G071xx -DUSE_HAL_DRIVER -DDEBUG -c -I../../DISPLAY/App -I../../DISPLAY/Target/. -I../../Core/Inc -I../../Drivers/STM32G0xx_HAL_Driver/Inc -I../../Drivers/STM32G0xx_HAL_Driver/Inc/Legacy -I../../Drivers/CMSIS/Device/ST/STM32G0xx/Include -I../../Drivers/CMSIS/Include -I../../Drivers/BSP/Components/Common/ -I../../Drivers/BSP/Components/Common -I../../Drivers/BSP/Components/ili9341 -Os -ffunction-sections -fdata-sections -Wall -fstack-usage -MMD -MP -MF"Drivers/STM32G0xx_HAL_Driver/stm32g0xx_ll_rcc.d" -MT"Drivers/STM32G0xx_HAL_Driver/stm32g0xx_ll_rcc.o" --specs=nano.specs -mfloat-abi=soft -mthumb -o "Drivers/STM32G0xx_HAL_Driver/stm32g0xx_ll_rcc.o"
arm-none-eabi-gcc "C:/Users/Oliver/Documents/en.X-CUBE-DISPLAY_1_0_0/Projects/NUCLEO-G071RB/Applications/GFX01M1_HelloWorld/Core/Src/system_stm32g0xx.c" -mcpu=cortex-m0plus -std=gnu11 -g3 -DSTM32G071xx -DUSE_HAL_DRIVER -DDEBUG -c -I../../DISPLAY/App -I../../DISPLAY/Target/. -I../../Core/Inc -I../../Drivers/STM32G0xx_HAL_Driver/Inc -I../../Drivers/STM32G0xx_HAL_Driver/Inc/Legacy -I../../Drivers/CMSIS/Device/ST/STM32G0xx/Include -I../../Drivers/CMSIS/Include -I../../Drivers/BSP/Components/Common/ -I../../Drivers/BSP/Components/Common -I../../Drivers/BSP/Components/ili9341 -Os -ffunction-sections -fdata-sections -Wall -fstack-usage -MMD -MP -MF"Drivers/CMSIS/system_stm32g0xx.d" -MT"Drivers/CMSIS/system_stm32g0xx.o" --specs=nano.specs -mfloat-abi=soft -mthumb -o "Drivers/CMSIS/system_stm32g0xx.o"
arm-none-eabi-gcc "C:/Users/Oliver/Documents/en.X-CUBE-DISPLAY_1_0_0/Projects/NUCLEO-G071RB/Applications/GFX01M1_HelloWorld/Drivers/BSP/Components/ili9341/ili9341.c" -mcpu=cortex-m0plus -std=gnu11 -g3 -DSTM32G071xx -DUSE_HAL_DRIVER -DDEBUG -c -I../../DISPLAY/App -I../../DISPLAY/Target/. -I../../Core/Inc -I../../Drivers/STM32G0xx_HAL_Driver/Inc -I../../Drivers/STM32G0xx_HAL_Driver/Inc/Legacy -I../../Drivers/CMSIS/Device/ST/STM32G0xx/Include -I../../Drivers/CMSIS/Include -I../../Drivers/BSP/Components/Common/ -I../../Drivers/BSP/Components/Common -I../../Drivers/BSP/Components/ili9341 -Os -ffunction-sections -fdata-sections -Wall -fstack-usage -MMD -MP -MF"Drivers/BSP/Components/ili9341.d" -MT"Drivers/BSP/Components/ili9341.o" --specs=nano.specs -mfloat-abi=soft -mthumb -o "Drivers/BSP/Components/ili9341.o"
arm-none-eabi-gcc "C:/Users/Oliver/Documents/en.X-CUBE-DISPLAY_1_0_0/Projects/NUCLEO-G071RB/Applications/GFX01M1_HelloWorld/Drivers/BSP/Components/ili9341/ili9341_regs.c" -mcpu=cortex-m0plus -std=gnu11 -g3 -DSTM32G071xx -DUSE_HAL_DRIVER -DDEBUG -c -I../../DISPLAY/App -I../../DISPLAY/Target/. -I../../Core/Inc -I../../Drivers/STM32G0xx_HAL_Driver/Inc -I../../Drivers/STM32G0xx_HAL_Driver/Inc/Legacy -I../../Drivers/CMSIS/Device/ST/STM32G0xx/Include -I../../Drivers/CMSIS/Include -I../../Drivers/BSP/Components/Common/ -I../../Drivers/BSP/Components/Common -I../../Drivers/BSP/Components/ili9341 -Os -ffunction-sections -fdata-sections -Wall -fstack-usage -MMD -MP -MF"Drivers/BSP/Components/ili9341_regs.d" -MT"Drivers/BSP/Components/ili9341_regs.o" --specs=nano.specs -mfloat-abi=soft -mthumb -o "Drivers/BSP/Components/ili9341_regs.o"
arm-none-eabi-gcc -mcpu=cortex-m0plus -g3 -c -x assembler-with-cpp -MMD -MP -MF"Application/User/Startup/startup_stm32g071rbtx.d" -MT"Application/User/Startup/startup_stm32g071rbtx.o" --specs=nano.specs -mfloat-abi=soft -mthumb -o "Application/User/Startup/startup_stm32g071rbtx.o" "../Application/User/Startup/startup_stm32g071rbtx.s"
arm-none-eabi-gcc "C:/Users/Oliver/Documents/en.X-CUBE-DISPLAY_1_0_0/Projects/NUCLEO-G071RB/Applications/GFX01M1_HelloWorld/DISPLAY/Target/lcd_io.c" -mcpu=cortex-m0plus -std=gnu11 -g3 -DSTM32G071xx -DUSE_HAL_DRIVER -DDEBUG -c -I../../DISPLAY/App -I../../DISPLAY/Target/. -I../../Core/Inc -I../../Drivers/STM32G0xx_HAL_Driver/Inc -I../../Drivers/STM32G0xx_HAL_Driver/Inc/Legacy -I../../Drivers/CMSIS/Device/ST/STM32G0xx/Include -I../../Drivers/CMSIS/Include -I../../Drivers/BSP/Components/Common/ -I../../Drivers/BSP/Components/Common -I../../Drivers/BSP/Components/ili9341 -Os -ffunction-sections -fdata-sections -Wall -fstack-usage -MMD -MP -MF"Application/User/DISPLAY/Target/lcd_io.d" -MT"Application/User/DISPLAY/Target/lcd_io.o" --specs=nano.specs -mfloat-abi=soft -mthumb -o "Application/User/DISPLAY/Target/lcd_io.o"
arm-none-eabi-gcc "C:/Users/Oliver/Documents/en.X-CUBE-DISPLAY_1_0_0/Projects/NUCLEO-G071RB/Applications/GFX01M1_HelloWorld/DISPLAY/Target/mem_io.c" -mcpu=cortex-m0plus -std=gnu11 -g3 -DSTM32G071xx -DUSE_HAL_DRIVER -DDEBUG -c -I../../DISPLAY/App -I../../DISPLAY/Target/. -I../../Core/Inc -I../../Drivers/STM32G0xx_HAL_Driver/Inc -I../../Drivers/STM32G0xx_HAL_Driver/Inc/Legacy -I../../Drivers/CMSIS/Device/ST/STM32G0xx/Include -I../../Drivers/CMSIS/Include -I../../Drivers/BSP/Components/Common/ -I../../Drivers/BSP/Components/Common -I../../Drivers/BSP/Components/ili9341 -Os -ffunction-sections -fdata-sections -Wall -fstack-usage -MMD -MP -MF"Application/User/DISPLAY/Target/mem_io.d" -MT"Application/User/DISPLAY/Target/mem_io.o" --specs=nano.specs -mfloat-abi=soft -mthumb -o "Application/User/DISPLAY/Target/mem_io.o"
arm-none-eabi-gcc "C:/Users/Oliver/Documents/en.X-CUBE-DISPLAY_1_0_0/Projects/NUCLEO-G071RB/Applications/GFX01M1_HelloWorld/DISPLAY/App/app_display.c" -mcpu=cortex-m0plus -std=gnu11 -g3 -DSTM32G071xx -DUSE_HAL_DRIVER -DDEBUG -c -I../../DISPLAY/App -I../../DISPLAY/Target/. -I../../Core/Inc -I../../Drivers/STM32G0xx_HAL_Driver/Inc -I../../Drivers/STM32G0xx_HAL_Driver/Inc/Legacy -I../../Drivers/CMSIS/Device/ST/STM32G0xx/Include -I../../Drivers/CMSIS/Include -I../../Drivers/BSP/Components/Common/ -I../../Drivers/BSP/Components/Common -I../../Drivers/BSP/Components/ili9341 -Os -ffunction-sections -fdata-sections -Wall -fstack-usage -MMD -MP -MF"Application/User/DISPLAY/App/app_display.d" -MT"Application/User/DISPLAY/App/app_display.o" --specs=nano.specs -mfloat-abi=soft -mthumb -o "Application/User/DISPLAY/App/app_display.o"
arm-none-eabi-gcc "C:/Users/Oliver/Documents/en.X-CUBE-DISPLAY_1_0_0/Projects/NUCLEO-G071RB/Applications/GFX01M1_HelloWorld/Core/Src/main.c" -mcpu=cortex-m0plus -std=gnu11 -g3 -DSTM32G071xx -DUSE_HAL_DRIVER -DDEBUG -c -I../../DISPLAY/App -I../../DISPLAY/Target/. -I../../Core/Inc -I../../Drivers/STM32G0xx_HAL_Driver/Inc -I../../Drivers/STM32G0xx_HAL_Driver/Inc/Legacy -I../../Drivers/CMSIS/Device/ST/STM32G0xx/Include -I../../Drivers/CMSIS/Include -I../../Drivers/BSP/Components/Common/ -I../../Drivers/BSP/Components/Common -I../../Drivers/BSP/Components/ili9341 -Os -ffunction-sections -fdata-sections -Wall -fstack-usage -MMD -MP -MF"Application/User/Core/main.d" -MT"Application/User/Core/main.o" --specs=nano.specs -mfloat-abi=soft -mthumb -o "Application/User/Core/main.o"
arm-none-eabi-gcc "C:/Users/Oliver/Documents/en.X-CUBE-DISPLAY_1_0_0/Projects/NUCLEO-G071RB/Applications/GFX01M1_HelloWorld/Core/Src/stm32g0xx_hal_msp.c" -mcpu=cortex-m0plus -std=gnu11 -g3 -DSTM32G071xx -DUSE_HAL_DRIVER -DDEBUG -c -I../../DISPLAY/App -I../../DISPLAY/Target/. -I../../Core/Inc -I../../Drivers/STM32G0xx_HAL_Driver/Inc -I../../Drivers/STM32G0xx_HAL_Driver/Inc/Legacy -I../../Drivers/CMSIS/Device/ST/STM32G0xx/Include -I../../Drivers/CMSIS/Include -I../../Drivers/BSP/Components/Common/ -I../../Drivers/BSP/Components/Common -I../../Drivers/BSP/Components/ili9341 -Os -ffunction-sections -fdata-sections -Wall -fstack-usage -MMD -MP -MF"Application/User/Core/stm32g0xx_hal_msp.d" -MT"Application/User/Core/stm32g0xx_hal_msp.o" --specs=nano.specs -mfloat-abi=soft -mthumb -o "Application/User/Core/stm32g0xx_hal_msp.o"
arm-none-eabi-gcc "C:/Users/Oliver/Documents/en.X-CUBE-DISPLAY_1_0_0/Projects/NUCLEO-G071RB/Applications/GFX01M1_HelloWorld/Core/Src/stm32g0xx_it.c" -mcpu=cortex-m0plus -std=gnu11 -g3 -DSTM32G071xx -DUSE_HAL_DRIVER -DDEBUG -c -I../../DISPLAY/App -I../../DISPLAY/Target/. -I../../Core/Inc -I../../Drivers/STM32G0xx_HAL_Driver/Inc -I../../Drivers/STM32G0xx_HAL_Driver/Inc/Legacy -I../../Drivers/CMSIS/Device/ST/STM32G0xx/Include -I../../Drivers/CMSIS/Include -I../../Drivers/BSP/Components/Common/ -I../../Drivers/BSP/Components/Common -I../../Drivers/BSP/Components/ili9341 -Os -ffunction-sections -fdata-sections -Wall -fstack-usage -MMD -MP -MF"Application/User/Core/stm32g0xx_it.d" -MT"Application/User/Core/stm32g0xx_it.o" --specs=nano.specs -mfloat-abi=soft -mthumb -o "Application/User/Core/stm32g0xx_it.o"
arm-none-eabi-gcc "C:/Users/Oliver/Documents/en.X-CUBE-DISPLAY_1_0_0/Projects/NUCLEO-G071RB/Applications/GFX01M1_HelloWorld/Core/Src/stm32g0xx_nucleo_bus.c" -mcpu=cortex-m0plus -std=gnu11 -g3 -DSTM32G071xx -DUSE_HAL_DRIVER -DDEBUG -c -I../../DISPLAY/App -I../../DISPLAY/Target/. -I../../Core/Inc -I../../Drivers/STM32G0xx_HAL_Driver/Inc -I../../Drivers/STM32G0xx_HAL_Driver/Inc/Legacy -I../../Drivers/CMSIS/Device/ST/STM32G0xx/Include -I../../Drivers/CMSIS/Include -I../../Drivers/BSP/Components/Common/ -I../../Drivers/BSP/Components/Common -I../../Drivers/BSP/Components/ili9341 -Os -ffunction-sections -fdata-sections -Wall -fstack-usage -MMD -MP -MF"Application/User/Core/stm32g0xx_nucleo_bus.d" -MT"Application/User/Core/stm32g0xx_nucleo_bus.o" --specs=nano.specs -mfloat-abi=soft -mthumb -o "Application/User/Core/stm32g0xx_nucleo_bus.o"
C:/Users/Oliver/Documents/en.X-CUBE-DISPLAY_1_0_0/Projects/NUCLEO-G071RB/Applications/GFX01M1_HelloWorld/Core/Src/stm32g0xx_nucleo_bus.c: In function 'SPI1_MspInit':
C:/Users/Oliver/Documents/en.X-CUBE-DISPLAY_1_0_0/Projects/NUCLEO-G071RB/Applications/GFX01M1_HelloWorld/Core/Src/stm32g0xx_nucleo_bus.c:521:7: warning: implicit declaration of function 'Error_Handler' [-Wimplicit-function-declaration]
  521 |       Error_Handler( );
      |       ^~~~~~~~~~~~~
arm-none-eabi-gcc "../Application/User/Core/syscalls.c" -mcpu=cortex-m0plus -std=gnu11 -g3 -DSTM32G071xx -DUSE_HAL_DRIVER -DDEBUG -c -I../../DISPLAY/App -I../../DISPLAY/Target/. -I../../Core/Inc -I../../Drivers/STM32G0xx_HAL_Driver/Inc -I../../Drivers/STM32G0xx_HAL_Driver/Inc/Legacy -I../../Drivers/CMSIS/Device/ST/STM32G0xx/Include -I../../Drivers/CMSIS/Include -I../../Drivers/BSP/Components/Common/ -I../../Drivers/BSP/Components/Common -I../../Drivers/BSP/Components/ili9341 -Os -ffunction-sections -fdata-sections -Wall -fstack-usage -MMD -MP -MF"Application/User/Core/syscalls.d" -MT"Application/User/Core/syscalls.o" --specs=nano.specs -mfloat-abi=soft -mthumb -o "Application/User/Core/syscalls.o"
arm-none-eabi-gcc "../Application/User/Core/sysmem.c" -mcpu=cortex-m0plus -std=gnu11 -g3 -DSTM32G071xx -DUSE_HAL_DRIVER -DDEBUG -c -I../../DISPLAY/App -I../../DISPLAY/Target/. -I../../Core/Inc -I../../Drivers/STM32G0xx_HAL_Driver/Inc -I../../Drivers/STM32G0xx_HAL_Driver/Inc/Legacy -I../../Drivers/CMSIS/Device/ST/STM32G0xx/Include -I../../Drivers/CMSIS/Include -I../../Drivers/BSP/Components/Common/ -I../../Drivers/BSP/Components/Common -I../../Drivers/BSP/Components/ili9341 -Os -ffunction-sections -fdata-sections -Wall -fstack-usage -MMD -MP -MF"Application/User/Core/sysmem.d" -MT"Application/User/Core/sysmem.o" --specs=nano.specs -mfloat-abi=soft -mthumb -o "Application/User/Core/sysmem.o"
arm-none-eabi-gcc -o "X-NUCLEO-GFX01M1.elf" @"objects.list"   -mcpu=cortex-m0plus -T"C:\Users\Oliver\Documents\en.X-CUBE-DISPLAY_1_0_0\Projects\NUCLEO-G071RB\Applications\GFX01M1_HelloWorld\STM32CubeIDE\STM32G071RBTX_FLASH.ld" --specs=nosys.specs -Wl,-Map="X-NUCLEO-GFX01M1.map" -Wl,--gc-sections -static --specs=nano.specs -mfloat-abi=soft -mthumb -Wl,--start-group -lc -lm -Wl,--end-group
Finished building target: X-NUCLEO-GFX01M1.elf
 
arm-none-eabi-size   X-NUCLEO-GFX01M1.elf 
arm-none-eabi-objdump -h -S  X-NUCLEO-GFX01M1.elf  > "X-NUCLEO-GFX01M1.list"
arm-none-eabi-objcopy  -O ihex  X-NUCLEO-GFX01M1.elf  "X-NUCLEO-GFX01M1.hex"
arm-none-eabi-objcopy  -O binary  X-NUCLEO-GFX01M1.elf  "X-NUCLEO-GFX01M1.bin"
   text	   data	    bss	    dec	    hex	filename
 130624	    104	   4272	 135000	  20f58	X-NUCLEO-GFX01M1.elf
Finished building: default.size.stdout
 
Finished building: X-NUCLEO-GFX01M1.hex
 
Finished building: X-NUCLEO-GFX01M1.list
 
Finished building: X-NUCLEO-GFX01M1.bin
 

10:40:54 Build Finished. 0 errors, 1 warnings. (took 7s.143ms)

